******************************************************************************
                  TI ARM Linker PC v5.2.5                      
******************************************************************************
>> Linked Tue Oct 18 17:19:00 2016

OUTPUT FILE NAME:   <CC3100BOOST_MQTT-TwitterLED_MSP432P401R.out>
ENTRY POINT SYMBOL: "_c_int00"  address: 0000aa59


MEMORY CONFIGURATION

         name            origin    length      used     unused   attr    fill
----------------------  --------  ---------  --------  --------  ----  --------
  MAIN                  00000000   00040000  0000b3c0  00034c40  R  X
  INFO                  00200000   00004000  00000000  00004000  R  X
  SRAM_CODE             01000000   00010000  00000000  00010000  RW X
  SRAM_DATA             20000000   00010000  00000c7d  0000f383  RW  


SEGMENT ALLOCATION MAP

run origin  load origin   length   init length attrs members
----------  ----------- ---------- ----------- ----- -------
00000000    00000000    0000b3c0   0000b3c0    r-x
  00000000    00000000    00000144   00000144    r-- .intvecs
  00000144    00000144    0000ad00   0000ad00    r-x .text
  0000ae44    0000ae44    000004fc   000004fc    r-- .const
  0000b340    0000b340    00000080   00000080    r-- .cinit
20000000    20000000    00000a80   00000000    rw-
  20000000    20000000    000000e4   00000000    rw- .vtable
  200000e4    200000e4    00000821   00000000    rw- .bss
  20000908    20000908    00000178   00000000    rw- .data
2000fe00    2000fe00    00000200   00000000    rw-
  2000fe00    2000fe00    00000200   00000000    rw- .stack


SECTION ALLOCATION MAP

 output                                  attributes/
section   page    origin      length       input sections
--------  ----  ----------  ----------   ----------------
.intvecs   0    00000000    00000144     
                  00000000    00000144     msp432_startup_ccs.obj (.intvecs)

.text      0    00000144    0000ad00     
                  00000144    00002024     driver.obj (.text)
                  00002168    000010ba     rtsv7M4_T_le_v4SPD16_eabi.lib : _printfi.obj (.text)
                  00003222    00000002     --HOLE-- [fill = 0]
                  00003224    00000ed4     socket.obj (.text)
                  000040f8    00000c08     main.obj (.text)
                  00004d00    00000b98     cs.obj (.text)
                  00005898    00000b44     netapp.obj (.text)
                  000063dc    00000ab8     wlan.obj (.text)
                  00006e94    0000071c     timer_a.obj (.text)
                  000075b0    00000704     pcm.obj (.text)
                  00007cb4    000005e4     aes256.obj (.text)
                  00008298    000005b4     device.obj (.text)
                  0000884c    00000488     gpio.obj (.text)
                  00008cd4    000003f0     interrupt.obj (.text)
                  000090c4    00000354     board.obj (.text)
                  00009418    00000214     spi_cc3100.obj (.text)
                  0000962c    000001f4     rtsv7M4_T_le_v4SPD16_eabi.lib : ull_div_t2.obj (.text)
                  00009820    000001d0     sysctl.obj (.text)
                  000099f0    000001b6     rtsv7M4_T_le_v4SPD16_eabi.lib : fd_add_t2.obj (.text)
                  00009ba6    00000002     --HOLE-- [fill = 0]
                  00009ba8    00000184     crc32.obj (.text)
                  00009d2c    0000016c     cli_uart.obj (.text)
                  00009e98    00000136     rtsv7M4_T_le_v4SPD16_eabi.lib : fd_div_t2.obj (.text)
                  00009fce    00000002     --HOLE-- [fill = 0]
                  00009fd0    00000130     nonos.obj (.text)
                  0000a100    00000110     netcfg.obj (.text)
                  0000a210    00000110     rtsv7M4_T_le_v4SPD16_eabi.lib : xdscale.obj (.text)
                  0000a320    000000fc                                   : fd_mul_t2.obj (.text)
                  0000a41c    000000be                                   : xdnorm.obj (.text)
                  0000a4da    0000009c                                   : memcpy_t2.obj (.text)
                  0000a576    00000002     --HOLE-- [fill = 0]
                  0000a578    00000094                                   : snprintf.obj (.text)
                  0000a60c    00000086                                   : fd_cmp_t2.obj (.text:__aeabi_cdcmple)
                  0000a692    00000086                                   : fd_cmp_t2.obj (.text:__aeabi_cdrcmple)
                  0000a718    00000080     flowcont.obj (.text)
                  0000a798    0000007a     rtsv7M4_T_le_v4SPD16_eabi.lib : memset_t2.obj (.text)
                  0000a812    00000002     --HOLE-- [fill = 0]
                  0000a814    0000006c                                   : autoinit.obj (.text)
                  0000a880    0000006a                                   : copy_decompress_rle.obj (.text)
                  0000a8ea    00000066                                   : xdunscal.obj (.text)
                  0000a950    00000060                                   : sprintf.obj (.text)
                  0000a9b0    00000056                                   : ltoa.obj (.text)
                  0000aa06    00000052                                   : ldexp.obj (.text)
                  0000aa58    00000050                                   : boot.obj (.text)
                  0000aaa8    0000004c                                   : atoi.obj (.text)
                  0000aaf4    0000004c                                   : cpy_tbl.obj (.text)
                  0000ab40    00000048                                   : fd_toi_t2.obj (.text)
                  0000ab88    00000044                                   : exit.obj (.text)
                  0000abcc    00000040                                   : signal.obj (.text)
                  0000ac0c    0000003e     cpu.obj (.text)
                  0000ac4a    00000038     rtsv7M4_T_le_v4SPD16_eabi.lib : fs_tod_t2.obj (.text)
                  0000ac82    00000002     --HOLE-- [fill = 0]
                  0000ac84    00000034                                   : feraiseexcept.obj (.text)
                  0000acb8    00000030                                   : xdclass.obj (.text)
                  0000ace8    00000030                                   : xferaise.obj (.text)
                  0000ad18    0000002e                                   : i_tofd_t2.obj (.text)
                  0000ad46    0000002e                                   : raise.obj (.text)
                  0000ad74    0000002a                                   : frexp.obj (.text)
                  0000ad9e    0000001c                                   : memccpy.obj (.text)
                  0000adba    00000002     --HOLE-- [fill = 0]
                  0000adbc    00000018                                   : args_main.obj (.text)
                  0000add4    00000016                                   : strchr.obj (.text)
                  0000adea    00000002     --HOLE-- [fill = 0]
                  0000adec    00000014                                   : _lock.obj (.text)
                  0000ae00    00000014                                   : strlen.obj (.text)
                  0000ae14    0000000e                                   : copy_decompress_none.obj (.text:decompress:none)
                  0000ae22    0000000c                                   : copy_zero_init.obj (.text:decompress:ZI)
                  0000ae2e    0000000c     msp432_startup_ccs.obj (.text)
                  0000ae3a    00000006     rtsv7M4_T_le_v4SPD16_eabi.lib : copy_decompress_rle.obj (.text:decompress:rle24)
                  0000ae40    00000004                                   : pre_init.obj (.text)

.const     0    0000ae44    000004fc     
                  0000ae44    00000101     rtsv7M4_T_le_v4SPD16_eabi.lib : ctype.obj (.const:.string:_ctypes_)
                  0000af45    00000100     main.obj (.const:.string:$P$T0$1)
                  0000b045    00000003     --HOLE-- [fill = 0]
                  0000b048    000000b0     wlan.obj (.const:$P$T0$1)
                  0000b0f8    00000050     interrupt.obj (.const:g_pulRegs)
                  0000b148    00000040     interrupt.obj (.const)
                  0000b188    0000003c     wlan.obj (.const)
                  0000b1c4    00000038     driver.obj (.const:_SlActionLookupTable)
                  0000b1fc    00000038     main.obj (.const)
                  0000b234    00000034     socket.obj (.const)
                  0000b268    00000030     gpio.obj (.const:GPIO_PORT_TO_BASE)
                  0000b298    0000002c     main.obj (.const:$P$T1$2)
                  0000b2c4    00000028     netapp.obj (.const)
                  0000b2ec    0000001c     gpio.obj (.const)
                  0000b308    00000014     device.obj (.const)
                  0000b31c    00000014     driver.obj (.const)
                  0000b330    00000008     main.obj (.const:.string)
                  0000b338    00000008     netcfg.obj (.const)

.cinit     0    0000b340    00000080     
                  0000b340    00000048     (.cinit..data.load) [load image, compression = rle]
                  0000b388    0000000c     (__TI_handler_table)
                  0000b394    00000004     --HOLE-- [fill = 0]
                  0000b398    00000008     (.cinit..bss.load) [load image, compression = zero_init]
                  0000b3a0    00000008     (.cinit..vtable.load) [load image, compression = zero_init]
                  0000b3a8    00000018     (__TI_cinit_table)

.vtable    0    20000000    000000e4     UNINITIALIZED
                  20000000    000000e4     interrupt.obj (.vtable)

.bss       0    200000e4    00000821     UNINITIALIZED
                  200000e4    00000648     main.obj (.bss:g_AppData)
                  2000072c    00000164     driver.obj (.bss:g_StatMem)
                  20000890    00000028     nonos.obj (.bss:g__SlNonOsCB)
                  200008b8    00000014     (.common:macStr)
                  200008cc    00000010     (.common:si_me)
                  200008dc    0000000c     (.common:uniqueID)
                  200008e8    00000008     (.common:macAddressVal)
                  200008f0    00000004     (.common:MilliTimer)
                  200008f4    00000004     (.common:g_ucUARTBuffer)
                  200008f8    00000004     (.common:hfxtFreq)
                  200008fc    00000004     (.common:lfxtFreq)
                  20000900    00000004     (.common:socket_id)
                  20000904    00000001     (.common:IntIsMasked)

.data      0    20000908    00000178     UNINITIALIZED
                  20000908    000000b0     rtsv7M4_T_le_v4SPD16_eabi.lib : signal.obj (.data:sigtable)
                  200009b8    00000080                                   : xvalues.obj (.data)
                  20000a38    00000014     main.obj (.data)
                  20000a4c    00000009     driver.obj (.data)
                  20000a55    00000003     --HOLE--
                  20000a58    00000008     rtsv7M4_T_le_v4SPD16_eabi.lib : _lock.obj (.data)
                  20000a60    00000008                                   : exit.obj (.data)
                  20000a68    00000008                                   : feraiseexcept.obj (.data)
                  20000a70    00000004     board.obj (.data)
                  20000a74    00000004     cli_uart.obj (.data)
                  20000a78    00000004     rtsv7M4_T_le_v4SPD16_eabi.lib : errno.obj (.data)
                  20000a7c    00000004                                   : stkdepth_vars.obj (.data)

.TI.noinit 
*          0    200000e4    00000000     UNINITIALIZED

.TI.persistent 
*          0    20000908    00000000     UNINITIALIZED

.stack     0    2000fe00    00000200     UNINITIALIZED
                  2000fe00    00000200     --HOLE--


LINKER GENERATED COPY TABLES

__TI_cinit_table @ 0000b3a8 records: 3, size/record: 8, table size: 24
	.data: load addr=0000b340, load size=00000048 bytes, run addr=20000908, run size=00000178 bytes, compression=rle
	.bss: load addr=0000b398, load size=00000008 bytes, run addr=200000e4, run size=00000821 bytes, compression=zero_init
	.vtable: load addr=0000b3a0, load size=00000008 bytes, run addr=20000000, run size=000000e4 bytes, compression=zero_init


LINKER GENERATED HANDLER TABLE

__TI_handler_table @ 0000b388 records: 3, size/record: 4, table size: 12
	index: 0, handler: __TI_zero_init
	index: 1, handler: __TI_decompress_rle24
	index: 2, handler: __TI_decompress_none


GLOBAL SYMBOLS: SORTED ALPHABETICALLY BY Name 

address   name                                           
-------   ----                                           
00008227  AES256_clearErrorFlag                          
00007fad  AES256_clearInterruptFlag                      
00007e29  AES256_decryptData                             
00007fe7  AES256_disableInterrupt                        
00007fd3  AES256_enableInterrupt                         
00007d61  AES256_encryptData                             
000081a9  AES256_getDataOut                              
0000823b  AES256_getErrorFlagStatus                      
00007fc1  AES256_getInterruptFlagStatus                  
00008275  AES256_getInterruptStatus                      
0000820f  AES256_isBusy                                  
0000824d  AES256_registerInterrupt                       
00007ffb  AES256_reset                                   
00007cb5  AES256_setCipherKey                            
00007ef1  AES256_setDecipherKey                          
00008085  AES256_startDecryptData                        
00008015  AES256_startEncryptData                        
000080f9  AES256_startSetDecipherKey                     
00008263  AES256_unregisterInterrupt                     
0000ab89  C$$EXIT                                        
00009113  CC3100_InterruptDisable                        
000090f1  CC3100_InterruptEnable                         
000093c7  CC3100_UART_ISR                                
000090d9  CC3100_disable                                 
000090e5  CC3100_enable                                  
00009e19  CLI_Configure                                  
00009d73  CLI_Read                                       
00009dc5  CLI_Write                                      
0000ac41  CPU_basepriGet                                 
0000ac33  CPU_basepriSet                                 
0000ac0d  CPU_cpsid                                      
0000ac23  CPU_cpsie                                      
0000ac19  CPU_primask                                    
0000ac2f  CPU_wfi                                        
00009cb1  CRC32_getResult                                
00009cdd  CRC32_getResultReversed                        
00009bff  CRC32_set16BitData                             
00009c6d  CRC32_set16BitDataReversed                     
00009c25  CRC32_set32BitData                             
00009c91  CRC32_set32BitDataReversed                     
00009bd9  CRC32_set8BitData                              
00009c49  CRC32_set8BitDataReversed                      
00009ba9  CRC32_setSeed                                  
00005801  CS_clearInterruptFlag                          
00005293  CS_disableClockRequest                         
0000530d  CS_disableDCOExternalResistor                  
000056cd  CS_disableFaultCounter                         
000057ad  CS_disableInterrupt                            
00005271  CS_enableClockRequest                          
000052e3  CS_enableDCOExternalResistor                   
000056a1  CS_enableFaultCounter                          
00005779  CS_enableInterrupt                             
00005635  CS_getACLK                                     
000055ed  CS_getBCLK                                     
000053b9  CS_getDCOFrequency                             
000057e5  CS_getEnabledInterruptStatus                   
00005611  CS_getHSMCLK                                   
000057d5  CS_getInterruptStatus                          
0000567f  CS_getMCLK                                     
0000565d  CS_getSMCLK                                    
00004fb9  CS_initClockSignal                             
0000582d  CS_registerInterrupt                           
00005709  CS_resetFaultCounter                           
0000532d  CS_setDCOCenteredFrequency                     
000052fd  CS_setDCOExternalResistorCalibration           
00005491  CS_setDCOFrequency                             
00004f7d  CS_setExternalClockSourceFrequency             
000052c1  CS_setReferenceOscillatorFrequency             
00005735  CS_startFaultCounter                           
000050bd  CS_startHFXT                                   
000050e1  CS_startHFXTWithTimeout                        
00005199  CS_startLFXT                                   
000051bd  CS_startLFXTWithTimeout                        
00005361  CS_tuneDCOFrequency                            
00005841  CS_unregisterInterrupt                         
00005ef9  CopyPingResultsToReport                        
00009371  Delay                                          
00009d2d  EUSCIA0_IRQHandler                             
00008b77  GPIO_clearInterruptFlag                        
00008b37  GPIO_disableInterrupt                          
00008b15  GPIO_enableInterrupt                           
00008bcf  GPIO_getEnabledInterruptStatus                 
00008adf  GPIO_getInputPinValue                          
00008b59  GPIO_getInterruptStatus                        
00008b99  GPIO_interruptEdgeSelect                       
00008c8f  GPIO_registerInterrupt                         
00008887  GPIO_setAsInputPin                             
00008a3b  GPIO_setAsInputPinWithPullDownResistor         
00008a8d  GPIO_setAsInputPinWithPullUpResistor           
0000884d  GPIO_setAsOutputPin                            
00008951  GPIO_setAsPeripheralModuleFunctionInputPin     
000088cd  GPIO_setAsPeripheralModuleFunctionOutputPin    
00008c4b  GPIO_setDriveStrengthHigh                      
00008c6d  GPIO_setDriveStrengthLow                       
000089d5  GPIO_setOutputHighOnPin                        
000089f7  GPIO_setOutputLowOnPin                         
00008a19  GPIO_toggleOutputOnPin                         
00008caf  GPIO_unregisterInterrupt                       
000092bd  GetLEDStatus                                   
20000904  IntIsMasked                                    
00008e97  Interrupt_disableInterrupt                     
00008ce7  Interrupt_disableMaster                        
00009095  Interrupt_disableSleepOnIsrExit                
00008e25  Interrupt_enableInterrupt                      
00008cd7  Interrupt_enableMaster                         
00009083  Interrupt_enableSleepOnIsrExit                 
00008dff  Interrupt_getPriority                          
00008d77  Interrupt_getPriorityGrouping                  
00009063  Interrupt_getPriorityMask                      
0000907d  Interrupt_getVectorTableAddress                
00008f09  Interrupt_isEnabled                            
00008f95  Interrupt_pendInterrupt                        
00008cf7  Interrupt_registerInterrupt                    
00008daf  Interrupt_setPriority                          
00008d5d  Interrupt_setPriorityGrouping                  
00009053  Interrupt_setPriorityMask                      
0000906d  Interrupt_setVectorTableAddress                
00009005  Interrupt_unpendInterrupt                      
00008d49  Interrupt_unregisterInterrupt                  
00009127  MaskIntHdlr                                    
200008f0  MilliTimer                                     
00007c59  PCM_clearInterruptFlag                         
00007c2f  PCM_disableInterrupt                           
00007c07  PCM_disableRudeMode                            
00007c1b  PCM_enableInterrupt                            
00007bf5  PCM_enableRudeMode                             
0000770d  PCM_getCoreVoltageLevel                        
00007c49  PCM_getEnabledInterruptStatus                  
00007c43  PCM_getInterruptStatus                         
000076b3  PCM_getPowerMode                               
00007beb  PCM_getPowerState                              
00007b1d  PCM_gotoLPM0                                   
00007b3b  PCM_gotoLPM0InterruptSafe                      
00007b57  PCM_gotoLPM3                                   
00007bcf  PCM_gotoLPM3InterruptSafe                      
00007c6d  PCM_registerInterrupt                          
000075b1  PCM_setCoreVoltageLevel                        
000075bf  PCM_setCoreVoltageLevelWithTimeout             
000076a5  PCM_setPowerMode                               
0000776b  PCM_setPowerModeWithTimeout                    
00007895  PCM_setPowerState                              
000078c1  PCM_setPowerStateWithTimeout                   
00007ad9  PCM_shutdownDevice                             
00007c81  PCM_unregisterInterrupt                        
0000484d  PORT1_IRQHandler                               
000093a1  PORT2_IRQHandler                               
0000936f  Port1_ISR                                      
20000a38  S1buttonDebounce                               
20000a3c  S2buttonDebounce                               
UNDEFED   SHT$$INIT_ARRAY$$Base                          
UNDEFED   SHT$$INIT_ARRAY$$Limit                         
00003ffb  SL_FD_CLR                                      
00004021  SL_FD_ISSET                                    
00003fd9  SL_FD_SET                                      
00004049  SL_FD_ZERO                                     
0000932b  SelAntenna                                     
000041ad  SimpleLinkGeneralEventHandler                  
0000419f  SimpleLinkHttpServerCallback                   
0000416f  SimpleLinkNetAppEventHandler                   
000041b9  SimpleLinkSockEventHandler                     
00004103  SimpleLinkWlanEventHandler                     
000099a5  SysCtl_disableGlitchFilter                     
0000982d  SysCtl_disableNMISource                        
0000993d  SysCtl_disablePeripheralAtCPUHalt              
00009879  SysCtl_disableSRAMBank                         
00009901  SysCtl_disableSRAMBankRetention                
00009999  SysCtl_enableGlitchFilter                      
00009841  SysCtl_enableNMISource                         
00009929  SysCtl_enablePeripheralAtCPUHalt               
0000985b  SysCtl_enableSRAMBank                          
000098e3  SysCtl_enableSRAMBankRetention                 
00009827  SysCtl_getFlashSize                            
00009855  SysCtl_getNMISourceStatus                      
00009821  SysCtl_getSRAMSize                             
000099b1  SysCtl_getTempCalibrationConstant              
0000991f  SysCtl_rebootDevice                            
00009975  SysCtl_setWDTPasswordViolationResetType        
00009951  SysCtl_setWDTTimeoutResetType                  
000040f9  SysTick_Handler                                
000048df  TA1_0_IRQHandler                               
000072e9  Timer_A_clearCaptureCompareInterrupt           
000072cd  Timer_A_clearInterruptFlag                     
000071b7  Timer_A_clearTimer                             
00006fef  Timer_A_configureContinuousMode                
00007079  Timer_A_configureUpDownMode                    
0000701f  Timer_A_configureUpMode                        
0000737b  Timer_A_disableCaptureCompareInterrupt         
00007329  Timer_A_disableInterrupt                       
00007353  Timer_A_enableCaptureCompareInterrupt          
00007315  Timer_A_enableInterrupt                        
00007241  Timer_A_generatePWM                            
00007219  Timer_A_getCaptureCompareCount                 
000073d9  Timer_A_getCaptureCompareEnabledInterruptStatus
000073a3  Timer_A_getCaptureCompareInterruptStatus       
0000714b  Timer_A_getCounterValue                        
000073c1  Timer_A_getEnabledInterruptStatus              
00007341  Timer_A_getInterruptStatus                     
000071eb  Timer_A_getOutputForOutputModeOutBitValue      
000071cb  Timer_A_getSynchronizedCaptureCompareInput     
000070d3  Timer_A_initCapture                            
00007115  Timer_A_initCompare                            
00007419  Timer_A_registerInterrupt                      
000072b3  Timer_A_setCompareValue                        
0000722d  Timer_A_setOutputForOutputModeOutBitValue      
00006fd9  Timer_A_startCounter                           
0000729f  Timer_A_stopTimer                              
000074eb  Timer_A_unregisterInterrupt                    
0000912f  UnMaskIntHdlr                                  
4000480c  WDTCTL_SYM                                     
0000acb9  _Dclass                                        
200009b8  _Denorm                                        
0000a41d  _Dnorm                                         
0000a211  _Dscale                                        
0000a8eb  _Dunscale                                      
200009c8  _Eps                                           
20000a78  _Errno                                         
20000a68  _Fenv                                          
0000ace9  _Feraise                                       
200009d8  _Hugeval                                       
200009e8  _Inf                                           
200009f8  _Nan                                           
20000a18  _Rteps                                         
0000b248  _SlAcceptCmdCtrl                               
0000b1c4  _SlActionLookupTable                           
00001011  _SlAsyncEventGenericHandler                    
0000b314  _SlDeviceGetCmdCtrl                            
0000b318  _SlDeviceSetCmdCtrl                            
00001a23  _SlDrvBasicCmd                                 
000016d9  _SlDrvClassifyRxMsg                            
0000030f  _SlDrvCmdOp                                    
000003bf  _SlDrvCmdSend                                  
00000415  _SlDrvDataReadOp                               
00000619  _SlDrvDataWriteOp                              
000087cd  _SlDrvDeviceEventHandler                       
00000229  _SlDrvDriverCBDeinit                           
00000145  _SlDrvDriverCBInit                             
0000a757  _SlDrvFlowContDeinit                           
0000a719  _SlDrvFlowContInit                             
000009dd  _SlDrvMsgRead                                  
000014f5  _SlDrvMsgReadCmdCtx                            
000015ef  _SlDrvMsgReadSpawnCtx                          
000007e9  _SlDrvMsgWrite                                 
000062c9  _SlDrvNetAppEventHandler                       
00001f17  _SlDrvObjDeInit                                
00001e9b  _SlDrvObjInit                                  
00001c91  _SlDrvReleasePoolObj                           
0000181d  _SlDrvRxHdrRead                                
000002cd  _SlDrvRxIrqHandler                             
000017d7  _SlDrvShiftDWord                               
00001a89  _SlDrvWaitForPoolObj                           
0000b310  _SlEventMaskGetCmdCtrl                         
0000b30c  _SlEventMaskSetCmdCtrl                         
00001ff9  _SlFindAndSetActiveObj                         
0000b2d8  _SlGetHostByNameCtrl                           
0000b2d4  _SlGetHostByServiceCtrl                        
0000b2cc  _SlGetServiceListeCtrl                         
0000b254  _SlGetSockOptCmdCtrl                           
0000b244  _SlListenCmdCtrl                               
0000b2e4  _SlNetAppGetCmdCtrl                            
0000b2e0  _SlNetAppSendTokenValueCmdCtrl                 
0000b2dc  _SlNetAppSetCmdCtrl                            
0000b2c4  _SlNetAppStartCtrl                             
0000b2c8  _SlNetAppStopCtrl                              
0000b33c  _SlNetCfgGetCmdCtrl                            
0000b338  _SlNetCfgSetCmdCtrl                            
0000a095  _SlNonOsMainLoopTask                           
00009fe9  _SlNonOsSemGet                                 
00009fd1  _SlNonOsSemSet                                 
0000a045  _SlNonOsSpawn                                  
0000b18c  _SlPolicyGetCmdCtrl                            
0000b188  _SlPolicySetCmdCtrl                            
0000b194  _SlProfileDelCmdCtrl                           
0000b190  _SlProfileGetCmdCtrl                           
0000b24c  _SlRecvCmdCtrl                                 
0000b23c  _SlRecvfomCmdCtrl                              
0000b2d0  _SlRegisterServiceCtrl                         
00001f37  _SlRemoveFromList                              
0000b19c  _SlRxFilterAddtCmdCtrl                         
0000b1a4  _SlRxFilterGetCmdCtrl                          
0000b1a0  _SlRxFilterSetCmdCtrl                          
0000b258  _SlSelectCmdCtrl                               
0000b240  _SlSendCmdCtrl                                 
0000b250  _SlSetSockOptCmdCtrl                           
0000b1a8  _SlSmartConfigStartCmdCtrl                     
0000b238  _SlSockCloseCmdCtrl                            
0000b234  _SlSockSocketCmdCtrl                           
0000b308  _SlStopCmdCtrl                                 
0000b1b4  _SlWlanCfgGetCmdCtrl                           
0000b1b0  _SlWlanCfgSetCmdCtrl                           
0000b198  _SlWlanGetNetworkListCtrl                      
0000b1ac  _SlWlanSetModeCmdCtrl                          
20000a08  _Snan                                          
20000a6c  _Tls_setup__Fenv                               
20000a28  _Xbig                                          
20000a30  _Zero                                          
20010000  __STACK_END                                    
00000200  __STACK_SIZE                                   
0000b3a8  __TI_CINIT_Base                                
0000b3c0  __TI_CINIT_Limit                               
0000b388  __TI_Handler_Table_Base                        
0000b394  __TI_Handler_Table_Limit                       
0000a815  __TI_auto_init                                 
20000a60  __TI_cleanup_ptr                               
0000ae15  __TI_decompress_none                           
0000ae3b  __TI_decompress_rle24                          
20000a64  __TI_dtors_ptr                                 
00002f1d  __TI_printfi                                   
00000000  __TI_static_base__                             
0000ae23  __TI_zero_init                                 
0000a60d  __aeabi_cdcmpeq                                
0000a60d  __aeabi_cdcmple                                
0000a693  __aeabi_cdrcmple                               
0000ab41  __aeabi_d2iz                                   
000099fb  __aeabi_dadd                                   
00009e99  __aeabi_ddiv                                   
0000a321  __aeabi_dmul                                   
000099f1  __aeabi_dsub                                   
0000ac4b  __aeabi_f2d                                    
0000ad19  __aeabi_i2d                                    
0000a799  __aeabi_memclr                                 
0000a799  __aeabi_memclr4                                
0000a799  __aeabi_memclr8                                
0000a4db  __aeabi_memcpy                                 
0000a4db  __aeabi_memcpy4                                
0000a4db  __aeabi_memcpy8                                
0000a79b  __aeabi_memset                                 
0000a79b  __aeabi_memset4                                
0000a79b  __aeabi_memset8                                
0000962d  __aeabi_uldivmod                               
ffffffff  __binit__                                      
ffffffff  __c_args__                                     
2000fe00  __stack                                        
0000adbd  _args_main                                     
0000aa59  _c_int00                                       
0000ae44  _ctypes_                                       
20000a58  _lock                                          
0000adfb  _nop                                           
0000adf3  _register_lock                                 
0000aded  _register_unlock                               
00003225  _sl_BuildAddress                               
00008299  _sl_GetStartResponseConvert                    
00003c39  _sl_HandleAsync_Accept                         
00003833  _sl_HandleAsync_Connect                        
00005ce1  _sl_HandleAsync_DnsGetHostByAddr               
00005e35  _sl_HandleAsync_DnsGetHostByName               
00005c11  _sl_HandleAsync_DnsGetHostByService            
000083fd  _sl_HandleAsync_InitComplete                   
00005f35  _sl_HandleAsync_PingResponse                   
00004061  _sl_HandleAsync_Select                         
000084af  _sl_HandleAsync_Stop                           
0000333d  _sl_ParseAddress                               
00003275  _sl_TruncatePayloadByProtocol                  
0000ae41  _system_pre_init                               
20000a5c  _unlock                                        
0000ab8d  abort                                          
0000aaa9  atoi                                           
ffffffff  binit                                          
00009143  clear_rts                                      
20000a74  cli_have_cmd                                   
0000aaf5  copy_in                                        
0000ab95  exit                                           
0000ac85  feraiseexcept                                  
0000ad75  frexp                                          
20000a54  gFirstCmdMode                                  
200000e4  g_AppData                                      
0000b324  g_H2NCnysPattern                               
0000b31c  g_H2NSyncPattern                               
2000072c  g_StatMem                                      
20000a48  g_Status                                       
20000890  g__SlNonOsCB                                   
20000a4c  g_pCB                                          
20000000  g_pfnRAMVectors                                
200008f4  g_ucUARTBuffer                                 
000092f7  initAntSelGPIO                                 
00004201  initBoardAndWifiConnect                        
0000914f  initClk                                        
000091cf  initLEDs                                       
00000000  interruptVectors                               
0000aa07  ldexp                                          
0000a9b1  ltoa                                           
20000a44  macAddressLen                                  
200008e8  macAddressVal                                  
200008b8  macStr                                         
0000474b  main                                           
20000a7c  main_func_sp                                   
0000ad9f  memccpy                                        
0000a4db  memcpy                                         
0000a7a1  memset                                         
20000a70  pIraEventHandler                               
20000a50  pPingCallBackFunc                              
0000b330  port_mapping                                   
20000a40  publishID                                      
0000ad47  raise                                          
000090c5  registerInterruptHandler                       
00009137  set_rts                                        
0000abcd  signal                                         
00003a35  sl_Accept                                      
00003417  sl_Bind                                        
000033ed  sl_Close                                       
000036dd  sl_Connect                                     
000086c9  sl_DevGet                                      
00008767  sl_DevSet                                      
00008695  sl_EventMaskGet                                
0000865b  sl_EventMaskSet                                
00003db9  sl_GetSockOpt                                  
00003bb7  sl_Htonl                                       
00003bf9  sl_Htons                                       
000039f5  sl_Listen                                      
00005cf1  sl_NetAppDnsGetHostByName                      
00005ae1  sl_NetAppDnsGetHostByService                   
00006239  sl_NetAppGet                                   
000058e1  sl_NetAppGetServiceList                        
00005a65  sl_NetAppMDNSRegisterService                   
000059b1  sl_NetAppMDNSRegisterUnregisterService         
00005aa1  sl_NetAppMDNSUnRegisterService                 
00005ff9  sl_NetAppPingStart                             
000061d5  sl_NetAppSendTokenValue                        
0000616b  sl_NetAppSet                                   
00005899  sl_NetAppStart                                 
000058bd  sl_NetAppStop                                  
0000a167  sl_NetCfgGet                                   
0000a101  sl_NetCfgSet                                   
00003cd1  sl_Recv                                        
000035bb  sl_RecvFrom                                    
00003e53  sl_Select                                      
000038e5  sl_Send                                        
0000349f  sl_SendTo                                      
00003d4d  sl_SetSockOpt                                  
00003397  sl_Socket                                      
000082f9  sl_Start                                       
00008533  sl_Stop                                        
000082f1  sl_Task                                        
000063dd  sl_WlanConnect                                 
0000660f  sl_WlanDisconnect                              
00006ddd  sl_WlanGet                                     
00006aa5  sl_WlanGetNetworkList                          
00006685  sl_WlanPolicyGet                               
0000661b  sl_WlanPolicySet                               
00006729  sl_WlanProfileAdd                              
00006a77  sl_WlanProfileDel                              
00006995  sl_WlanProfileGet                              
00006b17  sl_WlanRxFilterAdd                             
00006bd9  sl_WlanRxFilterGet                             
00006b85  sl_WlanRxFilterSet                             
00006c67  sl_WlanRxStatGet                               
00006c4f  sl_WlanRxStatStart                             
00006c5b  sl_WlanRxStatStop                              
00006d69  sl_WlanSet                                     
00006d39  sl_WlanSetMode                                 
00006cad  sl_WlanSmartConfigStart                        
00006c9d  sl_WlanSmartConfigStop                         
0000a579  snprintf                                       
00009419  spi_Close                                      
00009425  spi_Open                                       
00009571  spi_Read                                       
00009517  spi_Write                                      
0000a951  sprintf                                        
000091c5  stopWDT                                        
0000add5  strchr                                         
0000ae01  strlen                                         
00009289  toggleLed                                      
00009255  turnLedOff                                     
00009221  turnLedOn                                      
00004591  udp_socket_create                              
00004717  udp_socket_send                                
200008dc  uniqueID                                       
0000b1fc  upConfig                                       


GLOBAL SYMBOLS: SORTED BY Symbol Address 

address   name                                           
-------   ----                                           
00000000  __TI_static_base__                             
00000000  interruptVectors                               
00000145  _SlDrvDriverCBInit                             
00000200  __STACK_SIZE                                   
00000229  _SlDrvDriverCBDeinit                           
000002cd  _SlDrvRxIrqHandler                             
0000030f  _SlDrvCmdOp                                    
000003bf  _SlDrvCmdSend                                  
00000415  _SlDrvDataReadOp                               
00000619  _SlDrvDataWriteOp                              
000007e9  _SlDrvMsgWrite                                 
000009dd  _SlDrvMsgRead                                  
00001011  _SlAsyncEventGenericHandler                    
000014f5  _SlDrvMsgReadCmdCtx                            
000015ef  _SlDrvMsgReadSpawnCtx                          
000016d9  _SlDrvClassifyRxMsg                            
000017d7  _SlDrvShiftDWord                               
0000181d  _SlDrvRxHdrRead                                
00001a23  _SlDrvBasicCmd                                 
00001a89  _SlDrvWaitForPoolObj                           
00001c91  _SlDrvReleasePoolObj                           
00001e9b  _SlDrvObjInit                                  
00001f17  _SlDrvObjDeInit                                
00001f37  _SlRemoveFromList                              
00001ff9  _SlFindAndSetActiveObj                         
00002f1d  __TI_printfi                                   
00003225  _sl_BuildAddress                               
00003275  _sl_TruncatePayloadByProtocol                  
0000333d  _sl_ParseAddress                               
00003397  sl_Socket                                      
000033ed  sl_Close                                       
00003417  sl_Bind                                        
0000349f  sl_SendTo                                      
000035bb  sl_RecvFrom                                    
000036dd  sl_Connect                                     
00003833  _sl_HandleAsync_Connect                        
000038e5  sl_Send                                        
000039f5  sl_Listen                                      
00003a35  sl_Accept                                      
00003bb7  sl_Htonl                                       
00003bf9  sl_Htons                                       
00003c39  _sl_HandleAsync_Accept                         
00003cd1  sl_Recv                                        
00003d4d  sl_SetSockOpt                                  
00003db9  sl_GetSockOpt                                  
00003e53  sl_Select                                      
00003fd9  SL_FD_SET                                      
00003ffb  SL_FD_CLR                                      
00004021  SL_FD_ISSET                                    
00004049  SL_FD_ZERO                                     
00004061  _sl_HandleAsync_Select                         
000040f9  SysTick_Handler                                
00004103  SimpleLinkWlanEventHandler                     
0000416f  SimpleLinkNetAppEventHandler                   
0000419f  SimpleLinkHttpServerCallback                   
000041ad  SimpleLinkGeneralEventHandler                  
000041b9  SimpleLinkSockEventHandler                     
00004201  initBoardAndWifiConnect                        
00004591  udp_socket_create                              
00004717  udp_socket_send                                
0000474b  main                                           
0000484d  PORT1_IRQHandler                               
000048df  TA1_0_IRQHandler                               
00004f7d  CS_setExternalClockSourceFrequency             
00004fb9  CS_initClockSignal                             
000050bd  CS_startHFXT                                   
000050e1  CS_startHFXTWithTimeout                        
00005199  CS_startLFXT                                   
000051bd  CS_startLFXTWithTimeout                        
00005271  CS_enableClockRequest                          
00005293  CS_disableClockRequest                         
000052c1  CS_setReferenceOscillatorFrequency             
000052e3  CS_enableDCOExternalResistor                   
000052fd  CS_setDCOExternalResistorCalibration           
0000530d  CS_disableDCOExternalResistor                  
0000532d  CS_setDCOCenteredFrequency                     
00005361  CS_tuneDCOFrequency                            
000053b9  CS_getDCOFrequency                             
00005491  CS_setDCOFrequency                             
000055ed  CS_getBCLK                                     
00005611  CS_getHSMCLK                                   
00005635  CS_getACLK                                     
0000565d  CS_getSMCLK                                    
0000567f  CS_getMCLK                                     
000056a1  CS_enableFaultCounter                          
000056cd  CS_disableFaultCounter                         
00005709  CS_resetFaultCounter                           
00005735  CS_startFaultCounter                           
00005779  CS_enableInterrupt                             
000057ad  CS_disableInterrupt                            
000057d5  CS_getInterruptStatus                          
000057e5  CS_getEnabledInterruptStatus                   
00005801  CS_clearInterruptFlag                          
0000582d  CS_registerInterrupt                           
00005841  CS_unregisterInterrupt                         
00005899  sl_NetAppStart                                 
000058bd  sl_NetAppStop                                  
000058e1  sl_NetAppGetServiceList                        
000059b1  sl_NetAppMDNSRegisterUnregisterService         
00005a65  sl_NetAppMDNSRegisterService                   
00005aa1  sl_NetAppMDNSUnRegisterService                 
00005ae1  sl_NetAppDnsGetHostByService                   
00005c11  _sl_HandleAsync_DnsGetHostByService            
00005ce1  _sl_HandleAsync_DnsGetHostByAddr               
00005cf1  sl_NetAppDnsGetHostByName                      
00005e35  _sl_HandleAsync_DnsGetHostByName               
00005ef9  CopyPingResultsToReport                        
00005f35  _sl_HandleAsync_PingResponse                   
00005ff9  sl_NetAppPingStart                             
0000616b  sl_NetAppSet                                   
000061d5  sl_NetAppSendTokenValue                        
00006239  sl_NetAppGet                                   
000062c9  _SlDrvNetAppEventHandler                       
000063dd  sl_WlanConnect                                 
0000660f  sl_WlanDisconnect                              
0000661b  sl_WlanPolicySet                               
00006685  sl_WlanPolicyGet                               
00006729  sl_WlanProfileAdd                              
00006995  sl_WlanProfileGet                              
00006a77  sl_WlanProfileDel                              
00006aa5  sl_WlanGetNetworkList                          
00006b17  sl_WlanRxFilterAdd                             
00006b85  sl_WlanRxFilterSet                             
00006bd9  sl_WlanRxFilterGet                             
00006c4f  sl_WlanRxStatStart                             
00006c5b  sl_WlanRxStatStop                              
00006c67  sl_WlanRxStatGet                               
00006c9d  sl_WlanSmartConfigStop                         
00006cad  sl_WlanSmartConfigStart                        
00006d39  sl_WlanSetMode                                 
00006d69  sl_WlanSet                                     
00006ddd  sl_WlanGet                                     
00006fd9  Timer_A_startCounter                           
00006fef  Timer_A_configureContinuousMode                
0000701f  Timer_A_configureUpMode                        
00007079  Timer_A_configureUpDownMode                    
000070d3  Timer_A_initCapture                            
00007115  Timer_A_initCompare                            
0000714b  Timer_A_getCounterValue                        
000071b7  Timer_A_clearTimer                             
000071cb  Timer_A_getSynchronizedCaptureCompareInput     
000071eb  Timer_A_getOutputForOutputModeOutBitValue      
00007219  Timer_A_getCaptureCompareCount                 
0000722d  Timer_A_setOutputForOutputModeOutBitValue      
00007241  Timer_A_generatePWM                            
0000729f  Timer_A_stopTimer                              
000072b3  Timer_A_setCompareValue                        
000072cd  Timer_A_clearInterruptFlag                     
000072e9  Timer_A_clearCaptureCompareInterrupt           
00007315  Timer_A_enableInterrupt                        
00007329  Timer_A_disableInterrupt                       
00007341  Timer_A_getInterruptStatus                     
00007353  Timer_A_enableCaptureCompareInterrupt          
0000737b  Timer_A_disableCaptureCompareInterrupt         
000073a3  Timer_A_getCaptureCompareInterruptStatus       
000073c1  Timer_A_getEnabledInterruptStatus              
000073d9  Timer_A_getCaptureCompareEnabledInterruptStatus
00007419  Timer_A_registerInterrupt                      
000074eb  Timer_A_unregisterInterrupt                    
000075b1  PCM_setCoreVoltageLevel                        
000075bf  PCM_setCoreVoltageLevelWithTimeout             
000076a5  PCM_setPowerMode                               
000076b3  PCM_getPowerMode                               
0000770d  PCM_getCoreVoltageLevel                        
0000776b  PCM_setPowerModeWithTimeout                    
00007895  PCM_setPowerState                              
000078c1  PCM_setPowerStateWithTimeout                   
00007ad9  PCM_shutdownDevice                             
00007b1d  PCM_gotoLPM0                                   
00007b3b  PCM_gotoLPM0InterruptSafe                      
00007b57  PCM_gotoLPM3                                   
00007bcf  PCM_gotoLPM3InterruptSafe                      
00007beb  PCM_getPowerState                              
00007bf5  PCM_enableRudeMode                             
00007c07  PCM_disableRudeMode                            
00007c1b  PCM_enableInterrupt                            
00007c2f  PCM_disableInterrupt                           
00007c43  PCM_getInterruptStatus                         
00007c49  PCM_getEnabledInterruptStatus                  
00007c59  PCM_clearInterruptFlag                         
00007c6d  PCM_registerInterrupt                          
00007c81  PCM_unregisterInterrupt                        
00007cb5  AES256_setCipherKey                            
00007d61  AES256_encryptData                             
00007e29  AES256_decryptData                             
00007ef1  AES256_setDecipherKey                          
00007fad  AES256_clearInterruptFlag                      
00007fc1  AES256_getInterruptFlagStatus                  
00007fd3  AES256_enableInterrupt                         
00007fe7  AES256_disableInterrupt                        
00007ffb  AES256_reset                                   
00008015  AES256_startEncryptData                        
00008085  AES256_startDecryptData                        
000080f9  AES256_startSetDecipherKey                     
000081a9  AES256_getDataOut                              
0000820f  AES256_isBusy                                  
00008227  AES256_clearErrorFlag                          
0000823b  AES256_getErrorFlagStatus                      
0000824d  AES256_registerInterrupt                       
00008263  AES256_unregisterInterrupt                     
00008275  AES256_getInterruptStatus                      
00008299  _sl_GetStartResponseConvert                    
000082f1  sl_Task                                        
000082f9  sl_Start                                       
000083fd  _sl_HandleAsync_InitComplete                   
000084af  _sl_HandleAsync_Stop                           
00008533  sl_Stop                                        
0000865b  sl_EventMaskSet                                
00008695  sl_EventMaskGet                                
000086c9  sl_DevGet                                      
00008767  sl_DevSet                                      
000087cd  _SlDrvDeviceEventHandler                       
0000884d  GPIO_setAsOutputPin                            
00008887  GPIO_setAsInputPin                             
000088cd  GPIO_setAsPeripheralModuleFunctionOutputPin    
00008951  GPIO_setAsPeripheralModuleFunctionInputPin     
000089d5  GPIO_setOutputHighOnPin                        
000089f7  GPIO_setOutputLowOnPin                         
00008a19  GPIO_toggleOutputOnPin                         
00008a3b  GPIO_setAsInputPinWithPullDownResistor         
00008a8d  GPIO_setAsInputPinWithPullUpResistor           
00008adf  GPIO_getInputPinValue                          
00008b15  GPIO_enableInterrupt                           
00008b37  GPIO_disableInterrupt                          
00008b59  GPIO_getInterruptStatus                        
00008b77  GPIO_clearInterruptFlag                        
00008b99  GPIO_interruptEdgeSelect                       
00008bcf  GPIO_getEnabledInterruptStatus                 
00008c4b  GPIO_setDriveStrengthHigh                      
00008c6d  GPIO_setDriveStrengthLow                       
00008c8f  GPIO_registerInterrupt                         
00008caf  GPIO_unregisterInterrupt                       
00008cd7  Interrupt_enableMaster                         
00008ce7  Interrupt_disableMaster                        
00008cf7  Interrupt_registerInterrupt                    
00008d49  Interrupt_unregisterInterrupt                  
00008d5d  Interrupt_setPriorityGrouping                  
00008d77  Interrupt_getPriorityGrouping                  
00008daf  Interrupt_setPriority                          
00008dff  Interrupt_getPriority                          
00008e25  Interrupt_enableInterrupt                      
00008e97  Interrupt_disableInterrupt                     
00008f09  Interrupt_isEnabled                            
00008f95  Interrupt_pendInterrupt                        
00009005  Interrupt_unpendInterrupt                      
00009053  Interrupt_setPriorityMask                      
00009063  Interrupt_getPriorityMask                      
0000906d  Interrupt_setVectorTableAddress                
0000907d  Interrupt_getVectorTableAddress                
00009083  Interrupt_enableSleepOnIsrExit                 
00009095  Interrupt_disableSleepOnIsrExit                
000090c5  registerInterruptHandler                       
000090d9  CC3100_disable                                 
000090e5  CC3100_enable                                  
000090f1  CC3100_InterruptEnable                         
00009113  CC3100_InterruptDisable                        
00009127  MaskIntHdlr                                    
0000912f  UnMaskIntHdlr                                  
00009137  set_rts                                        
00009143  clear_rts                                      
0000914f  initClk                                        
000091c5  stopWDT                                        
000091cf  initLEDs                                       
00009221  turnLedOn                                      
00009255  turnLedOff                                     
00009289  toggleLed                                      
000092bd  GetLEDStatus                                   
000092f7  initAntSelGPIO                                 
0000932b  SelAntenna                                     
0000936f  Port1_ISR                                      
00009371  Delay                                          
000093a1  PORT2_IRQHandler                               
000093c7  CC3100_UART_ISR                                
00009419  spi_Close                                      
00009425  spi_Open                                       
00009517  spi_Write                                      
00009571  spi_Read                                       
0000962d  __aeabi_uldivmod                               
00009821  SysCtl_getSRAMSize                             
00009827  SysCtl_getFlashSize                            
0000982d  SysCtl_disableNMISource                        
00009841  SysCtl_enableNMISource                         
00009855  SysCtl_getNMISourceStatus                      
0000985b  SysCtl_enableSRAMBank                          
00009879  SysCtl_disableSRAMBank                         
000098e3  SysCtl_enableSRAMBankRetention                 
00009901  SysCtl_disableSRAMBankRetention                
0000991f  SysCtl_rebootDevice                            
00009929  SysCtl_enablePeripheralAtCPUHalt               
0000993d  SysCtl_disablePeripheralAtCPUHalt              
00009951  SysCtl_setWDTTimeoutResetType                  
00009975  SysCtl_setWDTPasswordViolationResetType        
00009999  SysCtl_enableGlitchFilter                      
000099a5  SysCtl_disableGlitchFilter                     
000099b1  SysCtl_getTempCalibrationConstant              
000099f1  __aeabi_dsub                                   
000099fb  __aeabi_dadd                                   
00009ba9  CRC32_setSeed                                  
00009bd9  CRC32_set8BitData                              
00009bff  CRC32_set16BitData                             
00009c25  CRC32_set32BitData                             
00009c49  CRC32_set8BitDataReversed                      
00009c6d  CRC32_set16BitDataReversed                     
00009c91  CRC32_set32BitDataReversed                     
00009cb1  CRC32_getResult                                
00009cdd  CRC32_getResultReversed                        
00009d2d  EUSCIA0_IRQHandler                             
00009d73  CLI_Read                                       
00009dc5  CLI_Write                                      
00009e19  CLI_Configure                                  
00009e99  __aeabi_ddiv                                   
00009fd1  _SlNonOsSemSet                                 
00009fe9  _SlNonOsSemGet                                 
0000a045  _SlNonOsSpawn                                  
0000a095  _SlNonOsMainLoopTask                           
0000a101  sl_NetCfgSet                                   
0000a167  sl_NetCfgGet                                   
0000a211  _Dscale                                        
0000a321  __aeabi_dmul                                   
0000a41d  _Dnorm                                         
0000a4db  __aeabi_memcpy                                 
0000a4db  __aeabi_memcpy4                                
0000a4db  __aeabi_memcpy8                                
0000a4db  memcpy                                         
0000a579  snprintf                                       
0000a60d  __aeabi_cdcmpeq                                
0000a60d  __aeabi_cdcmple                                
0000a693  __aeabi_cdrcmple                               
0000a719  _SlDrvFlowContInit                             
0000a757  _SlDrvFlowContDeinit                           
0000a799  __aeabi_memclr                                 
0000a799  __aeabi_memclr4                                
0000a799  __aeabi_memclr8                                
0000a79b  __aeabi_memset                                 
0000a79b  __aeabi_memset4                                
0000a79b  __aeabi_memset8                                
0000a7a1  memset                                         
0000a815  __TI_auto_init                                 
0000a8eb  _Dunscale                                      
0000a951  sprintf                                        
0000a9b1  ltoa                                           
0000aa07  ldexp                                          
0000aa59  _c_int00                                       
0000aaa9  atoi                                           
0000aaf5  copy_in                                        
0000ab41  __aeabi_d2iz                                   
0000ab89  C$$EXIT                                        
0000ab8d  abort                                          
0000ab95  exit                                           
0000abcd  signal                                         
0000ac0d  CPU_cpsid                                      
0000ac19  CPU_primask                                    
0000ac23  CPU_cpsie                                      
0000ac2f  CPU_wfi                                        
0000ac33  CPU_basepriSet                                 
0000ac41  CPU_basepriGet                                 
0000ac4b  __aeabi_f2d                                    
0000ac85  feraiseexcept                                  
0000acb9  _Dclass                                        
0000ace9  _Feraise                                       
0000ad19  __aeabi_i2d                                    
0000ad47  raise                                          
0000ad75  frexp                                          
0000ad9f  memccpy                                        
0000adbd  _args_main                                     
0000add5  strchr                                         
0000aded  _register_unlock                               
0000adf3  _register_lock                                 
0000adfb  _nop                                           
0000ae01  strlen                                         
0000ae15  __TI_decompress_none                           
0000ae23  __TI_zero_init                                 
0000ae3b  __TI_decompress_rle24                          
0000ae41  _system_pre_init                               
0000ae44  _ctypes_                                       
0000b188  _SlPolicySetCmdCtrl                            
0000b18c  _SlPolicyGetCmdCtrl                            
0000b190  _SlProfileGetCmdCtrl                           
0000b194  _SlProfileDelCmdCtrl                           
0000b198  _SlWlanGetNetworkListCtrl                      
0000b19c  _SlRxFilterAddtCmdCtrl                         
0000b1a0  _SlRxFilterSetCmdCtrl                          
0000b1a4  _SlRxFilterGetCmdCtrl                          
0000b1a8  _SlSmartConfigStartCmdCtrl                     
0000b1ac  _SlWlanSetModeCmdCtrl                          
0000b1b0  _SlWlanCfgSetCmdCtrl                           
0000b1b4  _SlWlanCfgGetCmdCtrl                           
0000b1c4  _SlActionLookupTable                           
0000b1fc  upConfig                                       
0000b234  _SlSockSocketCmdCtrl                           
0000b238  _SlSockCloseCmdCtrl                            
0000b23c  _SlRecvfomCmdCtrl                              
0000b240  _SlSendCmdCtrl                                 
0000b244  _SlListenCmdCtrl                               
0000b248  _SlAcceptCmdCtrl                               
0000b24c  _SlRecvCmdCtrl                                 
0000b250  _SlSetSockOptCmdCtrl                           
0000b254  _SlGetSockOptCmdCtrl                           
0000b258  _SlSelectCmdCtrl                               
0000b2c4  _SlNetAppStartCtrl                             
0000b2c8  _SlNetAppStopCtrl                              
0000b2cc  _SlGetServiceListeCtrl                         
0000b2d0  _SlRegisterServiceCtrl                         
0000b2d4  _SlGetHostByServiceCtrl                        
0000b2d8  _SlGetHostByNameCtrl                           
0000b2dc  _SlNetAppSetCmdCtrl                            
0000b2e0  _SlNetAppSendTokenValueCmdCtrl                 
0000b2e4  _SlNetAppGetCmdCtrl                            
0000b308  _SlStopCmdCtrl                                 
0000b30c  _SlEventMaskSetCmdCtrl                         
0000b310  _SlEventMaskGetCmdCtrl                         
0000b314  _SlDeviceGetCmdCtrl                            
0000b318  _SlDeviceSetCmdCtrl                            
0000b31c  g_H2NSyncPattern                               
0000b324  g_H2NCnysPattern                               
0000b330  port_mapping                                   
0000b338  _SlNetCfgSetCmdCtrl                            
0000b33c  _SlNetCfgGetCmdCtrl                            
0000b388  __TI_Handler_Table_Base                        
0000b394  __TI_Handler_Table_Limit                       
0000b3a8  __TI_CINIT_Base                                
0000b3c0  __TI_CINIT_Limit                               
20000000  g_pfnRAMVectors                                
200000e4  g_AppData                                      
2000072c  g_StatMem                                      
20000890  g__SlNonOsCB                                   
200008b8  macStr                                         
200008dc  uniqueID                                       
200008e8  macAddressVal                                  
200008f0  MilliTimer                                     
200008f4  g_ucUARTBuffer                                 
20000904  IntIsMasked                                    
200009b8  _Denorm                                        
200009c8  _Eps                                           
200009d8  _Hugeval                                       
200009e8  _Inf                                           
200009f8  _Nan                                           
20000a08  _Snan                                          
20000a18  _Rteps                                         
20000a28  _Xbig                                          
20000a30  _Zero                                          
20000a38  S1buttonDebounce                               
20000a3c  S2buttonDebounce                               
20000a40  publishID                                      
20000a44  macAddressLen                                  
20000a48  g_Status                                       
20000a4c  g_pCB                                          
20000a50  pPingCallBackFunc                              
20000a54  gFirstCmdMode                                  
20000a58  _lock                                          
20000a5c  _unlock                                        
20000a60  __TI_cleanup_ptr                               
20000a64  __TI_dtors_ptr                                 
20000a68  _Fenv                                          
20000a6c  _Tls_setup__Fenv                               
20000a70  pIraEventHandler                               
20000a74  cli_have_cmd                                   
20000a78  _Errno                                         
20000a7c  main_func_sp                                   
2000fe00  __stack                                        
20010000  __STACK_END                                    
4000480c  WDTCTL_SYM                                     
ffffffff  __binit__                                      
ffffffff  __c_args__                                     
ffffffff  binit                                          
UNDEFED   SHT$$INIT_ARRAY$$Base                          
UNDEFED   SHT$$INIT_ARRAY$$Limit                         

[467 symbols]
