<?xml version="1.0"?>
<link_info>
   <banner>TI ARM Linker PC v5.2.5</banner>
   <copyright>Copyright (c) 1996-2015 Texas Instruments Incorporated</copyright>
   <link_time>0x58063d64</link_time>
   <link_errors>0x0</link_errors>
   <output_file>CC3100BOOST_MQTT-TwitterLED_MSP432P401R.out</output_file>
   <entry_point>
      <name>_c_int00</name>
      <address>0xaa59</address>
   </entry_point>
   <input_file_list>
      <input_file id="fl-2">
         <path>.\</path>
         <kind>object</kind>
         <file>main.obj</file>
         <name>main.obj</name>
      </input_file>
      <input_file id="fl-3">
         <path>.\</path>
         <kind>object</kind>
         <file>msp432_startup_ccs.obj</file>
         <name>msp432_startup_ccs.obj</name>
      </input_file>
      <input_file id="fl-4">
         <path>.\uart_cc3100\</path>
         <kind>object</kind>
         <file>uart_cc3100.obj</file>
         <name>uart_cc3100.obj</name>
      </input_file>
      <input_file id="fl-5">
         <path>.\spi_cc3100\</path>
         <kind>object</kind>
         <file>spi_cc3100.obj</file>
         <name>spi_cc3100.obj</name>
      </input_file>
      <input_file id="fl-6">
         <path>.\simplelink\source\</path>
         <kind>object</kind>
         <file>device.obj</file>
         <name>device.obj</name>
      </input_file>
      <input_file id="fl-7">
         <path>.\simplelink\source\</path>
         <kind>object</kind>
         <file>driver.obj</file>
         <name>driver.obj</name>
      </input_file>
      <input_file id="fl-8">
         <path>.\simplelink\source\</path>
         <kind>object</kind>
         <file>flowcont.obj</file>
         <name>flowcont.obj</name>
      </input_file>
      <input_file id="fl-9">
         <path>.\simplelink\source\</path>
         <kind>object</kind>
         <file>fs.obj</file>
         <name>fs.obj</name>
      </input_file>
      <input_file id="fl-a">
         <path>.\simplelink\source\</path>
         <kind>object</kind>
         <file>netapp.obj</file>
         <name>netapp.obj</name>
      </input_file>
      <input_file id="fl-b">
         <path>.\simplelink\source\</path>
         <kind>object</kind>
         <file>netcfg.obj</file>
         <name>netcfg.obj</name>
      </input_file>
      <input_file id="fl-c">
         <path>.\simplelink\source\</path>
         <kind>object</kind>
         <file>nonos.obj</file>
         <name>nonos.obj</name>
      </input_file>
      <input_file id="fl-d">
         <path>.\simplelink\source\</path>
         <kind>object</kind>
         <file>socket.obj</file>
         <name>socket.obj</name>
      </input_file>
      <input_file id="fl-e">
         <path>.\simplelink\source\</path>
         <kind>object</kind>
         <file>spawn.obj</file>
         <name>spawn.obj</name>
      </input_file>
      <input_file id="fl-f">
         <path>.\simplelink\source\</path>
         <kind>object</kind>
         <file>wlan.obj</file>
         <name>wlan.obj</name>
      </input_file>
      <input_file id="fl-10">
         <path>.\driverlib\MSP432P4xx\</path>
         <kind>object</kind>
         <file>adc14.obj</file>
         <name>adc14.obj</name>
      </input_file>
      <input_file id="fl-11">
         <path>.\driverlib\MSP432P4xx\</path>
         <kind>object</kind>
         <file>aes256.obj</file>
         <name>aes256.obj</name>
      </input_file>
      <input_file id="fl-12">
         <path>.\driverlib\MSP432P4xx\</path>
         <kind>object</kind>
         <file>comp_e.obj</file>
         <name>comp_e.obj</name>
      </input_file>
      <input_file id="fl-13">
         <path>.\driverlib\MSP432P4xx\</path>
         <kind>object</kind>
         <file>cpu.obj</file>
         <name>cpu.obj</name>
      </input_file>
      <input_file id="fl-14">
         <path>.\driverlib\MSP432P4xx\</path>
         <kind>object</kind>
         <file>crc32.obj</file>
         <name>crc32.obj</name>
      </input_file>
      <input_file id="fl-15">
         <path>.\driverlib\MSP432P4xx\</path>
         <kind>object</kind>
         <file>cs.obj</file>
         <name>cs.obj</name>
      </input_file>
      <input_file id="fl-16">
         <path>.\driverlib\MSP432P4xx\</path>
         <kind>object</kind>
         <file>dma.obj</file>
         <name>dma.obj</name>
      </input_file>
      <input_file id="fl-17">
         <path>.\driverlib\MSP432P4xx\</path>
         <kind>object</kind>
         <file>flash.obj</file>
         <name>flash.obj</name>
      </input_file>
      <input_file id="fl-18">
         <path>.\driverlib\MSP432P4xx\</path>
         <kind>object</kind>
         <file>fpu.obj</file>
         <name>fpu.obj</name>
      </input_file>
      <input_file id="fl-19">
         <path>.\driverlib\MSP432P4xx\</path>
         <kind>object</kind>
         <file>gpio.obj</file>
         <name>gpio.obj</name>
      </input_file>
      <input_file id="fl-1a">
         <path>.\driverlib\MSP432P4xx\</path>
         <kind>object</kind>
         <file>i2c.obj</file>
         <name>i2c.obj</name>
      </input_file>
      <input_file id="fl-1b">
         <path>.\driverlib\MSP432P4xx\</path>
         <kind>object</kind>
         <file>interrupt.obj</file>
         <name>interrupt.obj</name>
      </input_file>
      <input_file id="fl-1c">
         <path>.\driverlib\MSP432P4xx\</path>
         <kind>object</kind>
         <file>mpu.obj</file>
         <name>mpu.obj</name>
      </input_file>
      <input_file id="fl-1d">
         <path>.\driverlib\MSP432P4xx\</path>
         <kind>object</kind>
         <file>pcm.obj</file>
         <name>pcm.obj</name>
      </input_file>
      <input_file id="fl-1e">
         <path>.\driverlib\MSP432P4xx\</path>
         <kind>object</kind>
         <file>pmap.obj</file>
         <name>pmap.obj</name>
      </input_file>
      <input_file id="fl-1f">
         <path>.\driverlib\MSP432P4xx\</path>
         <kind>object</kind>
         <file>pss.obj</file>
         <name>pss.obj</name>
      </input_file>
      <input_file id="fl-20">
         <path>.\driverlib\MSP432P4xx\</path>
         <kind>object</kind>
         <file>ref_a.obj</file>
         <name>ref_a.obj</name>
      </input_file>
      <input_file id="fl-21">
         <path>.\driverlib\MSP432P4xx\</path>
         <kind>object</kind>
         <file>reset.obj</file>
         <name>reset.obj</name>
      </input_file>
      <input_file id="fl-22">
         <path>.\driverlib\MSP432P4xx\</path>
         <kind>object</kind>
         <file>rtc_c.obj</file>
         <name>rtc_c.obj</name>
      </input_file>
      <input_file id="fl-23">
         <path>.\driverlib\MSP432P4xx\</path>
         <kind>object</kind>
         <file>spi.obj</file>
         <name>spi.obj</name>
      </input_file>
      <input_file id="fl-24">
         <path>.\driverlib\MSP432P4xx\</path>
         <kind>object</kind>
         <file>sysctl.obj</file>
         <name>sysctl.obj</name>
      </input_file>
      <input_file id="fl-25">
         <path>.\driverlib\MSP432P4xx\</path>
         <kind>object</kind>
         <file>systick.obj</file>
         <name>systick.obj</name>
      </input_file>
      <input_file id="fl-26">
         <path>.\driverlib\MSP432P4xx\</path>
         <kind>object</kind>
         <file>timer32.obj</file>
         <name>timer32.obj</name>
      </input_file>
      <input_file id="fl-27">
         <path>.\driverlib\MSP432P4xx\</path>
         <kind>object</kind>
         <file>timer_a.obj</file>
         <name>timer_a.obj</name>
      </input_file>
      <input_file id="fl-28">
         <path>.\driverlib\MSP432P4xx\</path>
         <kind>object</kind>
         <file>uart.obj</file>
         <name>uart.obj</name>
      </input_file>
      <input_file id="fl-29">
         <path>.\driverlib\MSP432P4xx\</path>
         <kind>object</kind>
         <file>wdt_a.obj</file>
         <name>wdt_a.obj</name>
      </input_file>
      <input_file id="fl-2a">
         <path>.\cli_uart\</path>
         <kind>object</kind>
         <file>cli_uart.obj</file>
         <name>cli_uart.obj</name>
      </input_file>
      <input_file id="fl-2b">
         <path>.\board\</path>
         <kind>object</kind>
         <file>board.obj</file>
         <name>board.obj</name>
      </input_file>
      <input_file id="fl-151">
         <path>C:\ti\ccsv6\tools\compiler\ti-cgt-arm_5.2.5\lib\</path>
         <kind>archive</kind>
         <file>rtsv7M4_T_le_v4SPD16_eabi.lib</file>
         <name>boot.obj</name>
      </input_file>
      <input_file id="fl-152">
         <path>C:\ti\ccsv6\tools\compiler\ti-cgt-arm_5.2.5\lib\</path>
         <kind>archive</kind>
         <file>rtsv7M4_T_le_v4SPD16_eabi.lib</file>
         <name>copy_decompress_none.obj</name>
      </input_file>
      <input_file id="fl-153">
         <path>C:\ti\ccsv6\tools\compiler\ti-cgt-arm_5.2.5\lib\</path>
         <kind>archive</kind>
         <file>rtsv7M4_T_le_v4SPD16_eabi.lib</file>
         <name>copy_decompress_rle.obj</name>
      </input_file>
      <input_file id="fl-154">
         <path>C:\ti\ccsv6\tools\compiler\ti-cgt-arm_5.2.5\lib\</path>
         <kind>archive</kind>
         <file>rtsv7M4_T_le_v4SPD16_eabi.lib</file>
         <name>copy_zero_init.obj</name>
      </input_file>
      <input_file id="fl-155">
         <path>C:\ti\ccsv6\tools\compiler\ti-cgt-arm_5.2.5\lib\</path>
         <kind>archive</kind>
         <file>rtsv7M4_T_le_v4SPD16_eabi.lib</file>
         <name>exit.obj</name>
      </input_file>
      <input_file id="fl-156">
         <path>C:\ti\ccsv6\tools\compiler\ti-cgt-arm_5.2.5\lib\</path>
         <kind>archive</kind>
         <file>rtsv7M4_T_le_v4SPD16_eabi.lib</file>
         <name>fd_add_t2.obj</name>
      </input_file>
      <input_file id="fl-157">
         <path>C:\ti\ccsv6\tools\compiler\ti-cgt-arm_5.2.5\lib\</path>
         <kind>archive</kind>
         <file>rtsv7M4_T_le_v4SPD16_eabi.lib</file>
         <name>fd_div_t2.obj</name>
      </input_file>
      <input_file id="fl-158">
         <path>C:\ti\ccsv6\tools\compiler\ti-cgt-arm_5.2.5\lib\</path>
         <kind>archive</kind>
         <file>rtsv7M4_T_le_v4SPD16_eabi.lib</file>
         <name>fd_mul_t2.obj</name>
      </input_file>
      <input_file id="fl-159">
         <path>C:\ti\ccsv6\tools\compiler\ti-cgt-arm_5.2.5\lib\</path>
         <kind>archive</kind>
         <file>rtsv7M4_T_le_v4SPD16_eabi.lib</file>
         <name>fd_toi_t2.obj</name>
      </input_file>
      <input_file id="fl-15a">
         <path>C:\ti\ccsv6\tools\compiler\ti-cgt-arm_5.2.5\lib\</path>
         <kind>archive</kind>
         <file>rtsv7M4_T_le_v4SPD16_eabi.lib</file>
         <name>fs_tod_t2.obj</name>
      </input_file>
      <input_file id="fl-15b">
         <path>C:\ti\ccsv6\tools\compiler\ti-cgt-arm_5.2.5\lib\</path>
         <kind>archive</kind>
         <file>rtsv7M4_T_le_v4SPD16_eabi.lib</file>
         <name>i_tofd_t2.obj</name>
      </input_file>
      <input_file id="fl-15c">
         <path>C:\ti\ccsv6\tools\compiler\ti-cgt-arm_5.2.5\lib\</path>
         <kind>archive</kind>
         <file>rtsv7M4_T_le_v4SPD16_eabi.lib</file>
         <name>memcpy_t2.obj</name>
      </input_file>
      <input_file id="fl-15d">
         <path>C:\ti\ccsv6\tools\compiler\ti-cgt-arm_5.2.5\lib\</path>
         <kind>archive</kind>
         <file>rtsv7M4_T_le_v4SPD16_eabi.lib</file>
         <name>memset_t2.obj</name>
      </input_file>
      <input_file id="fl-15e">
         <path>C:\ti\ccsv6\tools\compiler\ti-cgt-arm_5.2.5\lib\</path>
         <kind>archive</kind>
         <file>rtsv7M4_T_le_v4SPD16_eabi.lib</file>
         <name>pre_init.obj</name>
      </input_file>
      <input_file id="fl-15f">
         <path>C:\ti\ccsv6\tools\compiler\ti-cgt-arm_5.2.5\lib\</path>
         <kind>archive</kind>
         <file>rtsv7M4_T_le_v4SPD16_eabi.lib</file>
         <name>snprintf.obj</name>
      </input_file>
      <input_file id="fl-160">
         <path>C:\ti\ccsv6\tools\compiler\ti-cgt-arm_5.2.5\lib\</path>
         <kind>archive</kind>
         <file>rtsv7M4_T_le_v4SPD16_eabi.lib</file>
         <name>sprintf.obj</name>
      </input_file>
      <input_file id="fl-161">
         <path>C:\ti\ccsv6\tools\compiler\ti-cgt-arm_5.2.5\lib\</path>
         <kind>archive</kind>
         <file>rtsv7M4_T_le_v4SPD16_eabi.lib</file>
         <name>stkdepth_vars.obj</name>
      </input_file>
      <input_file id="fl-162">
         <path>C:\ti\ccsv6\tools\compiler\ti-cgt-arm_5.2.5\lib\</path>
         <kind>archive</kind>
         <file>rtsv7M4_T_le_v4SPD16_eabi.lib</file>
         <name>strlen.obj</name>
      </input_file>
      <input_file id="fl-163">
         <path>C:\ti\ccsv6\tools\compiler\ti-cgt-arm_5.2.5\lib\</path>
         <kind>archive</kind>
         <file>rtsv7M4_T_le_v4SPD16_eabi.lib</file>
         <name>_lock.obj</name>
      </input_file>
      <input_file id="fl-164">
         <path>C:\ti\ccsv6\tools\compiler\ti-cgt-arm_5.2.5\lib\</path>
         <kind>archive</kind>
         <file>rtsv7M4_T_le_v4SPD16_eabi.lib</file>
         <name>_printfi.obj</name>
      </input_file>
      <input_file id="fl-165">
         <path>C:\ti\ccsv6\tools\compiler\ti-cgt-arm_5.2.5\lib\</path>
         <kind>archive</kind>
         <file>rtsv7M4_T_le_v4SPD16_eabi.lib</file>
         <name>args_main.obj</name>
      </input_file>
      <input_file id="fl-166">
         <path>C:\ti\ccsv6\tools\compiler\ti-cgt-arm_5.2.5\lib\</path>
         <kind>archive</kind>
         <file>rtsv7M4_T_le_v4SPD16_eabi.lib</file>
         <name>atoi.obj</name>
      </input_file>
      <input_file id="fl-167">
         <path>C:\ti\ccsv6\tools\compiler\ti-cgt-arm_5.2.5\lib\</path>
         <kind>archive</kind>
         <file>rtsv7M4_T_le_v4SPD16_eabi.lib</file>
         <name>autoinit.obj</name>
      </input_file>
      <input_file id="fl-168">
         <path>C:\ti\ccsv6\tools\compiler\ti-cgt-arm_5.2.5\lib\</path>
         <kind>archive</kind>
         <file>rtsv7M4_T_le_v4SPD16_eabi.lib</file>
         <name>cpy_tbl.obj</name>
      </input_file>
      <input_file id="fl-169">
         <path>C:\ti\ccsv6\tools\compiler\ti-cgt-arm_5.2.5\lib\</path>
         <kind>archive</kind>
         <file>rtsv7M4_T_le_v4SPD16_eabi.lib</file>
         <name>ctype.obj</name>
      </input_file>
      <input_file id="fl-16a">
         <path>C:\ti\ccsv6\tools\compiler\ti-cgt-arm_5.2.5\lib\</path>
         <kind>archive</kind>
         <file>rtsv7M4_T_le_v4SPD16_eabi.lib</file>
         <name>fd_cmp_t2.obj</name>
      </input_file>
      <input_file id="fl-16b">
         <path>C:\ti\ccsv6\tools\compiler\ti-cgt-arm_5.2.5\lib\</path>
         <kind>archive</kind>
         <file>rtsv7M4_T_le_v4SPD16_eabi.lib</file>
         <name>frexp.obj</name>
      </input_file>
      <input_file id="fl-16c">
         <path>C:\ti\ccsv6\tools\compiler\ti-cgt-arm_5.2.5\lib\</path>
         <kind>archive</kind>
         <file>rtsv7M4_T_le_v4SPD16_eabi.lib</file>
         <name>ldexp.obj</name>
      </input_file>
      <input_file id="fl-16d">
         <path>C:\ti\ccsv6\tools\compiler\ti-cgt-arm_5.2.5\lib\</path>
         <kind>archive</kind>
         <file>rtsv7M4_T_le_v4SPD16_eabi.lib</file>
         <name>ltoa.obj</name>
      </input_file>
      <input_file id="fl-16e">
         <path>C:\ti\ccsv6\tools\compiler\ti-cgt-arm_5.2.5\lib\</path>
         <kind>archive</kind>
         <file>rtsv7M4_T_le_v4SPD16_eabi.lib</file>
         <name>memccpy.obj</name>
      </input_file>
      <input_file id="fl-16f">
         <path>C:\ti\ccsv6\tools\compiler\ti-cgt-arm_5.2.5\lib\</path>
         <kind>archive</kind>
         <file>rtsv7M4_T_le_v4SPD16_eabi.lib</file>
         <name>strchr.obj</name>
      </input_file>
      <input_file id="fl-170">
         <path>C:\ti\ccsv6\tools\compiler\ti-cgt-arm_5.2.5\lib\</path>
         <kind>archive</kind>
         <file>rtsv7M4_T_le_v4SPD16_eabi.lib</file>
         <name>ull_div_t2.obj</name>
      </input_file>
      <input_file id="fl-171">
         <path>C:\ti\ccsv6\tools\compiler\ti-cgt-arm_5.2.5\lib\</path>
         <kind>archive</kind>
         <file>rtsv7M4_T_le_v4SPD16_eabi.lib</file>
         <name>xdclass.obj</name>
      </input_file>
      <input_file id="fl-172">
         <path>C:\ti\ccsv6\tools\compiler\ti-cgt-arm_5.2.5\lib\</path>
         <kind>archive</kind>
         <file>rtsv7M4_T_le_v4SPD16_eabi.lib</file>
         <name>xdscale.obj</name>
      </input_file>
      <input_file id="fl-173">
         <path>C:\ti\ccsv6\tools\compiler\ti-cgt-arm_5.2.5\lib\</path>
         <kind>archive</kind>
         <file>rtsv7M4_T_le_v4SPD16_eabi.lib</file>
         <name>xdunscal.obj</name>
      </input_file>
      <input_file id="fl-174">
         <path>C:\ti\ccsv6\tools\compiler\ti-cgt-arm_5.2.5\lib\</path>
         <kind>archive</kind>
         <file>rtsv7M4_T_le_v4SPD16_eabi.lib</file>
         <name>xferaise.obj</name>
      </input_file>
      <input_file id="fl-175">
         <path>C:\ti\ccsv6\tools\compiler\ti-cgt-arm_5.2.5\lib\</path>
         <kind>archive</kind>
         <file>rtsv7M4_T_le_v4SPD16_eabi.lib</file>
         <name>xvalues.obj</name>
      </input_file>
      <input_file id="fl-176">
         <path>C:\ti\ccsv6\tools\compiler\ti-cgt-arm_5.2.5\lib\</path>
         <kind>archive</kind>
         <file>rtsv7M4_T_le_v4SPD16_eabi.lib</file>
         <name>errno.obj</name>
      </input_file>
      <input_file id="fl-177">
         <path>C:\ti\ccsv6\tools\compiler\ti-cgt-arm_5.2.5\lib\</path>
         <kind>archive</kind>
         <file>rtsv7M4_T_le_v4SPD16_eabi.lib</file>
         <name>feraiseexcept.obj</name>
      </input_file>
      <input_file id="fl-178">
         <path>C:\ti\ccsv6\tools\compiler\ti-cgt-arm_5.2.5\lib\</path>
         <kind>archive</kind>
         <file>rtsv7M4_T_le_v4SPD16_eabi.lib</file>
         <name>raise.obj</name>
      </input_file>
      <input_file id="fl-179">
         <path>C:\ti\ccsv6\tools\compiler\ti-cgt-arm_5.2.5\lib\</path>
         <kind>archive</kind>
         <file>rtsv7M4_T_le_v4SPD16_eabi.lib</file>
         <name>signal.obj</name>
      </input_file>
      <input_file id="fl-17a">
         <path>C:\ti\ccsv6\tools\compiler\ti-cgt-arm_5.2.5\lib\</path>
         <kind>archive</kind>
         <file>rtsv7M4_T_le_v4SPD16_eabi.lib</file>
         <name>xdnorm.obj</name>
      </input_file>
   </input_file_list>
   <object_component_list>
      <object_component id="oc-10">
         <name>.intvecs</name>
         <load_address>0x0</load_address>
         <run_address>0x0</run_address>
         <size>0x144</size>
         <input_file_ref idref="fl-3"/>
      </object_component>
      <object_component id="oc-19c">
         <name>.text</name>
         <load_address>0x144</load_address>
         <run_address>0x144</run_address>
         <size>0x2024</size>
         <input_file_ref idref="fl-7"/>
      </object_component>
      <object_component id="oc-1ce">
         <name>.text</name>
         <load_address>0x2168</load_address>
         <run_address>0x2168</run_address>
         <size>0x10ba</size>
         <input_file_ref idref="fl-164"/>
      </object_component>
      <object_component id="oc-ba">
         <name>.text</name>
         <load_address>0x3224</load_address>
         <run_address>0x3224</run_address>
         <size>0xed4</size>
         <input_file_ref idref="fl-d"/>
      </object_component>
      <object_component id="oc-31">
         <name>.text</name>
         <load_address>0x40f8</load_address>
         <run_address>0x40f8</run_address>
         <size>0xc08</size>
         <input_file_ref idref="fl-2"/>
      </object_component>
      <object_component id="oc-11d">
         <name>.text</name>
         <load_address>0x4d00</load_address>
         <run_address>0x4d00</run_address>
         <size>0xb98</size>
         <input_file_ref idref="fl-15"/>
      </object_component>
      <object_component id="oc-e4">
         <name>.text</name>
         <load_address>0x5898</load_address>
         <run_address>0x5898</run_address>
         <size>0xb44</size>
         <input_file_ref idref="fl-a"/>
      </object_component>
      <object_component id="oc-de">
         <name>.text</name>
         <load_address>0x63dc</load_address>
         <run_address>0x63dc</run_address>
         <size>0xab8</size>
         <input_file_ref idref="fl-f"/>
      </object_component>
      <object_component id="oc-94">
         <name>.text</name>
         <load_address>0x6e94</load_address>
         <run_address>0x6e94</run_address>
         <size>0x71c</size>
         <input_file_ref idref="fl-27"/>
      </object_component>
      <object_component id="oc-10a">
         <name>.text</name>
         <load_address>0x75b0</load_address>
         <run_address>0x75b0</run_address>
         <size>0x704</size>
         <input_file_ref idref="fl-1d"/>
      </object_component>
      <object_component id="oc-c0">
         <name>.text</name>
         <load_address>0x7cb4</load_address>
         <run_address>0x7cb4</run_address>
         <size>0x5e4</size>
         <input_file_ref idref="fl-11"/>
      </object_component>
      <object_component id="oc-a0">
         <name>.text</name>
         <load_address>0x8298</load_address>
         <run_address>0x8298</run_address>
         <size>0x5b4</size>
         <input_file_ref idref="fl-6"/>
      </object_component>
      <object_component id="oc-8e">
         <name>.text</name>
         <load_address>0x884c</load_address>
         <run_address>0x884c</run_address>
         <size>0x488</size>
         <input_file_ref idref="fl-19"/>
      </object_component>
      <object_component id="oc-9a">
         <name>.text</name>
         <load_address>0x8cd4</load_address>
         <run_address>0x8cd4</run_address>
         <size>0x3f0</size>
         <input_file_ref idref="fl-1b"/>
      </object_component>
      <object_component id="oc-3d">
         <name>.text</name>
         <load_address>0x90c4</load_address>
         <run_address>0x90c4</run_address>
         <size>0x354</size>
         <input_file_ref idref="fl-2b"/>
      </object_component>
      <object_component id="oc-1a2">
         <name>.text</name>
         <load_address>0x9418</load_address>
         <run_address>0x9418</run_address>
         <size>0x214</size>
         <input_file_ref idref="fl-5"/>
      </object_component>
      <object_component id="oc-2af">
         <name>.text</name>
         <load_address>0x962c</load_address>
         <run_address>0x962c</run_address>
         <size>0x1f4</size>
         <input_file_ref idref="fl-170"/>
      </object_component>
      <object_component id="oc-22b">
         <name>.text</name>
         <load_address>0x9820</load_address>
         <run_address>0x9820</run_address>
         <size>0x1d0</size>
         <input_file_ref idref="fl-24"/>
      </object_component>
      <object_component id="oc-23b">
         <name>.text</name>
         <load_address>0x99f0</load_address>
         <run_address>0x99f0</run_address>
         <size>0x1b6</size>
         <input_file_ref idref="fl-156"/>
      </object_component>
      <object_component id="oc-c6">
         <name>.text</name>
         <load_address>0x9ba8</load_address>
         <run_address>0x9ba8</run_address>
         <size>0x184</size>
         <input_file_ref idref="fl-14"/>
      </object_component>
      <object_component id="oc-37">
         <name>.text</name>
         <load_address>0x9d2c</load_address>
         <run_address>0x9d2c</run_address>
         <size>0x16c</size>
         <input_file_ref idref="fl-2a"/>
      </object_component>
      <object_component id="oc-245">
         <name>.text</name>
         <load_address>0x9e98</load_address>
         <run_address>0x9e98</run_address>
         <size>0x136</size>
         <input_file_ref idref="fl-157"/>
      </object_component>
      <object_component id="oc-d8">
         <name>.text</name>
         <load_address>0x9fd0</load_address>
         <run_address>0x9fd0</run_address>
         <size>0x130</size>
         <input_file_ref idref="fl-c"/>
      </object_component>
      <object_component id="oc-a6">
         <name>.text</name>
         <load_address>0xa100</load_address>
         <run_address>0xa100</run_address>
         <size>0x110</size>
         <input_file_ref idref="fl-b"/>
      </object_component>
      <object_component id="oc-340">
         <name>.text</name>
         <load_address>0xa210</load_address>
         <run_address>0xa210</run_address>
         <size>0x110</size>
         <input_file_ref idref="fl-172"/>
      </object_component>
      <object_component id="oc-240">
         <name>.text</name>
         <load_address>0xa320</load_address>
         <run_address>0xa320</run_address>
         <size>0xfc</size>
         <input_file_ref idref="fl-158"/>
      </object_component>
      <object_component id="oc-362">
         <name>.text</name>
         <load_address>0xa41c</load_address>
         <run_address>0xa41c</run_address>
         <size>0xbe</size>
         <input_file_ref idref="fl-17a"/>
      </object_component>
      <object_component id="oc-46">
         <name>.text</name>
         <load_address>0xa4da</load_address>
         <run_address>0xa4da</run_address>
         <size>0x9c</size>
         <input_file_ref idref="fl-15c"/>
      </object_component>
      <object_component id="oc-ac">
         <name>.text</name>
         <load_address>0xa578</load_address>
         <run_address>0xa578</run_address>
         <size>0x94</size>
         <input_file_ref idref="fl-15f"/>
      </object_component>
      <object_component id="oc-2b4">
         <name>.text:__aeabi_cdcmple</name>
         <load_address>0xa60c</load_address>
         <run_address>0xa60c</run_address>
         <size>0x86</size>
         <input_file_ref idref="fl-16a"/>
      </object_component>
      <object_component id="oc-2b9">
         <name>.text:__aeabi_cdrcmple</name>
         <load_address>0xa692</load_address>
         <run_address>0xa692</run_address>
         <size>0x86</size>
         <input_file_ref idref="fl-16a"/>
      </object_component>
      <object_component id="oc-288">
         <name>.text</name>
         <load_address>0xa718</load_address>
         <run_address>0xa718</run_address>
         <size>0x80</size>
         <input_file_ref idref="fl-8"/>
      </object_component>
      <object_component id="oc-5f">
         <name>.text</name>
         <load_address>0xa798</load_address>
         <run_address>0xa798</run_address>
         <size>0x7a</size>
         <input_file_ref idref="fl-15d"/>
      </object_component>
      <object_component id="oc-71">
         <name>.text</name>
         <load_address>0xa814</load_address>
         <run_address>0xa814</run_address>
         <size>0x6c</size>
         <input_file_ref idref="fl-167"/>
      </object_component>
      <object_component id="oc-52">
         <name>.text</name>
         <load_address>0xa880</load_address>
         <run_address>0xa880</run_address>
         <size>0x6a</size>
         <input_file_ref idref="fl-153"/>
      </object_component>
      <object_component id="oc-338">
         <name>.text</name>
         <load_address>0xa8ea</load_address>
         <run_address>0xa8ea</run_address>
         <size>0x66</size>
         <input_file_ref idref="fl-173"/>
      </object_component>
      <object_component id="oc-cc">
         <name>.text</name>
         <load_address>0xa950</load_address>
         <run_address>0xa950</run_address>
         <size>0x60</size>
         <input_file_ref idref="fl-160"/>
      </object_component>
      <object_component id="oc-2be">
         <name>.text</name>
         <load_address>0xa9b0</load_address>
         <run_address>0xa9b0</run_address>
         <size>0x56</size>
         <input_file_ref idref="fl-16d"/>
      </object_component>
      <object_component id="oc-2ca">
         <name>.text</name>
         <load_address>0xaa06</load_address>
         <run_address>0xaa06</run_address>
         <size>0x52</size>
         <input_file_ref idref="fl-16c"/>
      </object_component>
      <object_component id="oc-25">
         <name>.text</name>
         <load_address>0xaa58</load_address>
         <run_address>0xaa58</run_address>
         <size>0x50</size>
         <input_file_ref idref="fl-151"/>
      </object_component>
      <object_component id="oc-2e2">
         <name>.text</name>
         <load_address>0xaaa8</load_address>
         <run_address>0xaaa8</run_address>
         <size>0x4c</size>
         <input_file_ref idref="fl-166"/>
      </object_component>
      <object_component id="oc-14a">
         <name>.text</name>
         <load_address>0xaaf4</load_address>
         <run_address>0xaaf4</run_address>
         <size>0x4c</size>
         <input_file_ref idref="fl-168"/>
      </object_component>
      <object_component id="oc-24a">
         <name>.text</name>
         <load_address>0xab40</load_address>
         <run_address>0xab40</run_address>
         <size>0x48</size>
         <input_file_ref idref="fl-159"/>
      </object_component>
      <object_component id="oc-7d">
         <name>.text</name>
         <load_address>0xab88</load_address>
         <run_address>0xab88</run_address>
         <size>0x44</size>
         <input_file_ref idref="fl-155"/>
      </object_component>
      <object_component id="oc-3a5">
         <name>.text</name>
         <load_address>0xabcc</load_address>
         <run_address>0xabcc</run_address>
         <size>0x40</size>
         <input_file_ref idref="fl-179"/>
      </object_component>
      <object_component id="oc-18b">
         <name>.text</name>
         <load_address>0xac0c</load_address>
         <run_address>0xac0c</run_address>
         <size>0x3e</size>
         <input_file_ref idref="fl-13"/>
      </object_component>
      <object_component id="oc-236">
         <name>.text</name>
         <load_address>0xac4a</load_address>
         <run_address>0xac4a</run_address>
         <size>0x38</size>
         <input_file_ref idref="fl-15a"/>
      </object_component>
      <object_component id="oc-371">
         <name>.text</name>
         <load_address>0xac84</load_address>
         <run_address>0xac84</run_address>
         <size>0x34</size>
         <input_file_ref idref="fl-177"/>
      </object_component>
      <object_component id="oc-2d6">
         <name>.text</name>
         <load_address>0xacb8</load_address>
         <run_address>0xacb8</run_address>
         <size>0x30</size>
         <input_file_ref idref="fl-171"/>
      </object_component>
      <object_component id="oc-346">
         <name>.text</name>
         <load_address>0xace8</load_address>
         <run_address>0xace8</run_address>
         <size>0x30</size>
         <input_file_ref idref="fl-174"/>
      </object_component>
      <object_component id="oc-231">
         <name>.text</name>
         <load_address>0xad18</load_address>
         <run_address>0xad18</run_address>
         <size>0x2e</size>
         <input_file_ref idref="fl-15b"/>
      </object_component>
      <object_component id="oc-395">
         <name>.text</name>
         <load_address>0xad46</load_address>
         <run_address>0xad46</run_address>
         <size>0x2e</size>
         <input_file_ref idref="fl-178"/>
      </object_component>
      <object_component id="oc-2c4">
         <name>.text</name>
         <load_address>0xad74</load_address>
         <run_address>0xad74</run_address>
         <size>0x2a</size>
         <input_file_ref idref="fl-16b"/>
      </object_component>
      <object_component id="oc-2dc">
         <name>.text</name>
         <load_address>0xad9e</load_address>
         <run_address>0xad9e</run_address>
         <size>0x1c</size>
         <input_file_ref idref="fl-16e"/>
      </object_component>
      <object_component id="oc-77">
         <name>.text</name>
         <load_address>0xadbc</load_address>
         <run_address>0xadbc</run_address>
         <size>0x18</size>
         <input_file_ref idref="fl-165"/>
      </object_component>
      <object_component id="oc-2d0">
         <name>.text</name>
         <load_address>0xadd4</load_address>
         <run_address>0xadd4</run_address>
         <size>0x16</size>
         <input_file_ref idref="fl-16f"/>
      </object_component>
      <object_component id="oc-269">
         <name>.text</name>
         <load_address>0xadec</load_address>
         <run_address>0xadec</run_address>
         <size>0x14</size>
         <input_file_ref idref="fl-163"/>
      </object_component>
      <object_component id="oc-110">
         <name>.text</name>
         <load_address>0xae00</load_address>
         <run_address>0xae00</run_address>
         <size>0x14</size>
         <input_file_ref idref="fl-162"/>
      </object_component>
      <object_component id="oc-13">
         <name>.text:decompress:none</name>
         <load_address>0xae14</load_address>
         <run_address>0xae14</run_address>
         <size>0xe</size>
         <input_file_ref idref="fl-152"/>
      </object_component>
      <object_component id="oc-1f">
         <name>.text:decompress:ZI</name>
         <load_address>0xae22</load_address>
         <run_address>0xae22</run_address>
         <size>0xc</size>
         <input_file_ref idref="fl-154"/>
      </object_component>
      <object_component id="oc-2b">
         <name>.text</name>
         <load_address>0xae2e</load_address>
         <run_address>0xae2e</run_address>
         <size>0xc</size>
         <input_file_ref idref="fl-3"/>
      </object_component>
      <object_component id="oc-19">
         <name>.text:decompress:rle24</name>
         <load_address>0xae3a</load_address>
         <run_address>0xae3a</run_address>
         <size>0x6</size>
         <input_file_ref idref="fl-153"/>
      </object_component>
      <object_component id="oc-6b">
         <name>.text</name>
         <load_address>0xae40</load_address>
         <run_address>0xae40</run_address>
         <size>0x4</size>
         <input_file_ref idref="fl-15e"/>
      </object_component>
      <object_component id="oc-354">
         <name>.const:.string:_ctypes_</name>
         <load_address>0xae44</load_address>
         <run_address>0xae44</run_address>
         <size>0x101</size>
         <input_file_ref idref="fl-169"/>
      </object_component>
      <object_component id="oc-d4">
         <name>.const:.string:$P$T0$1</name>
         <load_address>0xaf45</load_address>
         <run_address>0xaf45</run_address>
         <size>0x100</size>
         <input_file_ref idref="fl-2"/>
      </object_component>
      <object_component id="oc-1ff">
         <name>.const:$P$T0$1</name>
         <load_address>0xb048</load_address>
         <run_address>0xb048</run_address>
         <size>0xb0</size>
         <input_file_ref idref="fl-f"/>
      </object_component>
      <object_component id="oc-197">
         <name>.const:g_pulRegs</name>
         <load_address>0xb0f8</load_address>
         <run_address>0xb0f8</run_address>
         <size>0x50</size>
         <input_file_ref idref="fl-1b"/>
      </object_component>
      <object_component id="oc-194">
         <name>.const</name>
         <load_address>0xb148</load_address>
         <run_address>0xb148</run_address>
         <size>0x40</size>
         <input_file_ref idref="fl-1b"/>
      </object_component>
      <object_component id="oc-202">
         <name>.const</name>
         <load_address>0xb188</load_address>
         <run_address>0xb188</run_address>
         <size>0x3c</size>
         <input_file_ref idref="fl-f"/>
      </object_component>
      <object_component id="oc-294">
         <name>.const:_SlActionLookupTable</name>
         <load_address>0xb1c4</load_address>
         <run_address>0xb1c4</run_address>
         <size>0x38</size>
         <input_file_ref idref="fl-7"/>
      </object_component>
      <object_component id="oc-b5">
         <name>.const</name>
         <load_address>0xb1fc</load_address>
         <run_address>0xb1fc</run_address>
         <size>0x38</size>
         <input_file_ref idref="fl-2"/>
      </object_component>
      <object_component id="oc-1e9">
         <name>.const</name>
         <load_address>0xb234</load_address>
         <run_address>0xb234</run_address>
         <size>0x34</size>
         <input_file_ref idref="fl-d"/>
      </object_component>
      <object_component id="oc-181">
         <name>.const:GPIO_PORT_TO_BASE</name>
         <load_address>0xb268</load_address>
         <run_address>0xb268</run_address>
         <size>0x30</size>
         <input_file_ref idref="fl-19"/>
      </object_component>
      <object_component id="oc-ea">
         <name>.const:$P$T1$2</name>
         <load_address>0xb298</load_address>
         <run_address>0xb298</run_address>
         <size>0x2c</size>
         <input_file_ref idref="fl-2"/>
      </object_component>
      <object_component id="oc-20c">
         <name>.const</name>
         <load_address>0xb2c4</load_address>
         <run_address>0xb2c4</run_address>
         <size>0x28</size>
         <input_file_ref idref="fl-a"/>
      </object_component>
      <object_component id="oc-184">
         <name>.const</name>
         <load_address>0xb2ec</load_address>
         <run_address>0xb2ec</run_address>
         <size>0x1c</size>
         <input_file_ref idref="fl-19"/>
      </object_component>
      <object_component id="oc-1ab">
         <name>.const</name>
         <load_address>0xb308</load_address>
         <run_address>0xb308</run_address>
         <size>0x14</size>
         <input_file_ref idref="fl-6"/>
      </object_component>
      <object_component id="oc-291">
         <name>.const</name>
         <load_address>0xb31c</load_address>
         <run_address>0xb31c</run_address>
         <size>0x14</size>
         <input_file_ref idref="fl-7"/>
      </object_component>
      <object_component id="oc-b2">
         <name>.const:.string</name>
         <load_address>0xb330</load_address>
         <run_address>0xb330</run_address>
         <size>0x8</size>
         <input_file_ref idref="fl-2"/>
      </object_component>
      <object_component id="oc-1c4">
         <name>.const</name>
         <load_address>0xb338</load_address>
         <run_address>0xb338</run_address>
         <size>0x8</size>
         <input_file_ref idref="fl-b"/>
      </object_component>
      <object_component id="oc-3ec">
         <name>.cinit..data.load</name>
         <load_address>0xb340</load_address>
         <run_address>0xb340</run_address>
         <size>0x48</size>
      </object_component>
      <object_component id="oc-3e9">
         <name>__TI_handler_table</name>
         <load_address>0xb388</load_address>
         <run_address>0xb388</run_address>
         <size>0xc</size>
      </object_component>
      <object_component id="oc-3ed">
         <name>.cinit..bss.load</name>
         <load_address>0xb398</load_address>
         <run_address>0xb398</run_address>
         <size>0x8</size>
      </object_component>
      <object_component id="oc-3eb">
         <name>.cinit..vtable.load</name>
         <load_address>0xb3a0</load_address>
         <run_address>0xb3a0</run_address>
         <size>0x8</size>
      </object_component>
      <object_component id="oc-3ea">
         <name>__TI_cinit_table</name>
         <load_address>0xb3a8</load_address>
         <run_address>0xb3a8</run_address>
         <size>0x18</size>
      </object_component>
      <object_component id="oc-191">
         <name>.vtable</name>
         <uninitialized>true</uninitialized>
         <run_address>0x20000000</run_address>
         <size>0xe4</size>
         <input_file_ref idref="fl-1b"/>
      </object_component>
      <object_component id="oc-2a">
         <name>.stack</name>
         <uninitialized>true</uninitialized>
         <run_address>0x2000fe00</run_address>
         <size>0x0</size>
         <input_file_ref idref="fl-151"/>
      </object_component>
      <object_component id="oc-3ee">
         <name>.stack</name>
         <uninitialized>true</uninitialized>
         <run_address>0x2000fe00</run_address>
         <size>0x0</size>
      </object_component>
      <object_component id="oc-ed">
         <name>.bss:g_AppData</name>
         <uninitialized>true</uninitialized>
         <run_address>0x200000e4</run_address>
         <size>0x648</size>
         <input_file_ref idref="fl-2"/>
      </object_component>
      <object_component id="oc-28e">
         <name>.bss:g_StatMem</name>
         <uninitialized>true</uninitialized>
         <run_address>0x2000072c</run_address>
         <size>0x164</size>
         <input_file_ref idref="fl-7"/>
      </object_component>
      <object_component id="oc-1fa">
         <name>.bss:g__SlNonOsCB</name>
         <uninitialized>true</uninitialized>
         <run_address>0x20000890</run_address>
         <size>0x28</size>
         <input_file_ref idref="fl-c"/>
      </object_component>
      <object_component id="oc-d2">
         <name>.common:socket_id</name>
         <uninitialized>true</uninitialized>
         <run_address>0x20000900</run_address>
         <size>0x4</size>
      </object_component>
      <object_component id="oc-d3">
         <name>.common:si_me</name>
         <uninitialized>true</uninitialized>
         <run_address>0x200008cc</run_address>
         <size>0x10</size>
      </object_component>
      <object_component id="oc-b8">
         <name>.common:macAddressVal</name>
         <uninitialized>true</uninitialized>
         <run_address>0x200008e8</run_address>
         <size>0x8</size>
      </object_component>
      <object_component id="oc-b9">
         <name>.common:macStr</name>
         <uninitialized>true</uninitialized>
         <run_address>0x200008b8</run_address>
         <size>0x14</size>
      </object_component>
      <object_component id="oc-d7">
         <name>.common:uniqueID</name>
         <uninitialized>true</uninitialized>
         <run_address>0x200008dc</run_address>
         <size>0xc</size>
      </object_component>
      <object_component id="oc-88">
         <name>.common:MilliTimer</name>
         <uninitialized>true</uninitialized>
         <run_address>0x200008f0</run_address>
         <size>0x4</size>
      </object_component>
      <object_component id="oc-227">
         <name>.common:hfxtFreq</name>
         <uninitialized>true</uninitialized>
         <run_address>0x200008f8</run_address>
         <size>0x4</size>
      </object_component>
      <object_component id="oc-22a">
         <name>.common:lfxtFreq</name>
         <uninitialized>true</uninitialized>
         <run_address>0x200008fc</run_address>
         <size>0x4</size>
      </object_component>
      <object_component id="oc-116">
         <name>.common:g_ucUARTBuffer</name>
         <uninitialized>true</uninitialized>
         <run_address>0x200008f4</run_address>
         <size>0x4</size>
      </object_component>
      <object_component id="oc-126">
         <name>.common:IntIsMasked</name>
         <uninitialized>true</uninitialized>
         <run_address>0x20000904</run_address>
         <size>0x1</size>
      </object_component>
      <object_component id="oc-8b">
         <name>.data</name>
         <load_address>0x20000a38</load_address>
         <run_address>0x20000a38</run_address>
         <size>0x14</size>
         <input_file_ref idref="fl-2"/>
      </object_component>
      <object_component id="oc-1a8">
         <name>.data</name>
         <load_address>0x20000a4c</load_address>
         <run_address>0x20000a4c</run_address>
         <size>0x9</size>
         <input_file_ref idref="fl-7"/>
      </object_component>
      <object_component id="oc-119">
         <name>.data</name>
         <load_address>0x20000a74</load_address>
         <run_address>0x20000a74</run_address>
         <size>0x4</size>
         <input_file_ref idref="fl-2a"/>
      </object_component>
      <object_component id="oc-123">
         <name>.data</name>
         <load_address>0x20000a70</load_address>
         <run_address>0x20000a70</run_address>
         <size>0x4</size>
         <input_file_ref idref="fl-2b"/>
      </object_component>
      <object_component id="oc-157">
         <name>.data</name>
         <load_address>0x20000a60</load_address>
         <run_address>0x20000a60</run_address>
         <size>0x8</size>
         <input_file_ref idref="fl-155"/>
      </object_component>
      <object_component id="oc-83">
         <name>.data</name>
         <load_address>0x20000a7c</load_address>
         <run_address>0x20000a7c</run_address>
         <size>0x4</size>
         <input_file_ref idref="fl-161"/>
      </object_component>
      <object_component id="oc-154">
         <name>.data</name>
         <load_address>0x20000a58</load_address>
         <run_address>0x20000a58</run_address>
         <size>0x8</size>
         <input_file_ref idref="fl-163"/>
      </object_component>
      <object_component id="oc-36c">
         <name>.data</name>
         <load_address>0x200009b8</load_address>
         <run_address>0x200009b8</run_address>
         <size>0x80</size>
         <input_file_ref idref="fl-175"/>
      </object_component>
      <object_component id="oc-377">
         <name>.data</name>
         <load_address>0x20000a78</load_address>
         <run_address>0x20000a78</run_address>
         <size>0x4</size>
         <input_file_ref idref="fl-176"/>
      </object_component>
      <object_component id="oc-39b">
         <name>.data</name>
         <load_address>0x20000a68</load_address>
         <run_address>0x20000a68</run_address>
         <size>0x8</size>
         <input_file_ref idref="fl-177"/>
      </object_component>
      <object_component id="oc-3b6">
         <name>.data:sigtable</name>
         <load_address>0x20000908</load_address>
         <run_address>0x20000908</run_address>
         <size>0xb0</size>
         <input_file_ref idref="fl-179"/>
      </object_component>
      <object_component id="oc-89">
         <name>.debug_info</name>
         <load_address>0x0</load_address>
         <run_address>0x0</run_address>
         <size>0x11cc</size>
         <input_file_ref idref="fl-2"/>
      </object_component>
      <object_component id="oc-8c">
         <name>.debug_info</name>
         <load_address>0x11cc</load_address>
         <run_address>0x11cc</run_address>
         <size>0x182</size>
         <input_file_ref idref="fl-2"/>
      </object_component>
      <object_component id="oc-ee">
         <name>.debug_info</name>
         <load_address>0x134e</load_address>
         <run_address>0x134e</run_address>
         <size>0xd4</size>
         <input_file_ref idref="fl-2"/>
      </object_component>
      <object_component id="oc-b3">
         <name>.debug_info</name>
         <load_address>0x1422</load_address>
         <run_address>0x1422</run_address>
         <size>0xda</size>
         <input_file_ref idref="fl-2"/>
      </object_component>
      <object_component id="oc-b6">
         <name>.debug_info</name>
         <load_address>0x14fc</load_address>
         <run_address>0x14fc</run_address>
         <size>0x110</size>
         <input_file_ref idref="fl-2"/>
      </object_component>
      <object_component id="oc-d5">
         <name>.debug_info</name>
         <load_address>0x160c</load_address>
         <run_address>0x160c</run_address>
         <size>0xd0</size>
         <input_file_ref idref="fl-2"/>
      </object_component>
      <object_component id="oc-eb">
         <name>.debug_info</name>
         <load_address>0x16dc</load_address>
         <run_address>0x16dc</run_address>
         <size>0xd0</size>
         <input_file_ref idref="fl-2"/>
      </object_component>
      <object_component id="oc-32">
         <name>.debug_info</name>
         <load_address>0x17ac</load_address>
         <run_address>0x17ac</run_address>
         <size>0x1319</size>
         <input_file_ref idref="fl-2"/>
      </object_component>
      <object_component id="oc-fb">
         <name>.debug_info</name>
         <load_address>0x2ac5</load_address>
         <run_address>0x2ac5</run_address>
         <size>0x30f</size>
         <input_file_ref idref="fl-2"/>
      </object_component>
      <object_component id="oc-12a">
         <name>.debug_info</name>
         <load_address>0x2dd4</load_address>
         <run_address>0x2dd4</run_address>
         <size>0x13e</size>
         <input_file_ref idref="fl-2"/>
      </object_component>
      <object_component id="oc-161">
         <name>.debug_info</name>
         <load_address>0x2f12</load_address>
         <run_address>0x2f12</run_address>
         <size>0x827</size>
         <input_file_ref idref="fl-2"/>
      </object_component>
      <object_component id="oc-166">
         <name>.debug_info</name>
         <load_address>0x3739</load_address>
         <run_address>0x3739</run_address>
         <size>0x60f</size>
         <input_file_ref idref="fl-2"/>
      </object_component>
      <object_component id="oc-105">
         <name>.debug_info</name>
         <load_address>0x3d48</load_address>
         <run_address>0x3d48</run_address>
         <size>0x92b</size>
         <input_file_ref idref="fl-2"/>
      </object_component>
      <object_component id="oc-21a">
         <name>.debug_info</name>
         <load_address>0x4673</load_address>
         <run_address>0x4673</run_address>
         <size>0xfe</size>
         <input_file_ref idref="fl-2"/>
      </object_component>
      <object_component id="oc-175">
         <name>.debug_info</name>
         <load_address>0x4771</load_address>
         <run_address>0x4771</run_address>
         <size>0x110</size>
         <input_file_ref idref="fl-2"/>
      </object_component>
      <object_component id="oc-16b">
         <name>.debug_info</name>
         <load_address>0x4881</load_address>
         <run_address>0x4881</run_address>
         <size>0x103c</size>
         <input_file_ref idref="fl-2"/>
      </object_component>
      <object_component id="oc-100">
         <name>.debug_info</name>
         <load_address>0x58bd</load_address>
         <run_address>0x58bd</run_address>
         <size>0x6c8</size>
         <input_file_ref idref="fl-2"/>
      </object_component>
      <object_component id="oc-170">
         <name>.debug_info</name>
         <load_address>0x5f85</load_address>
         <run_address>0x5f85</run_address>
         <size>0x341</size>
         <input_file_ref idref="fl-2"/>
      </object_component>
      <object_component id="oc-f1">
         <name>.debug_info</name>
         <load_address>0x62c6</load_address>
         <run_address>0x62c6</run_address>
         <size>0x8b</size>
         <input_file_ref idref="fl-2"/>
      </object_component>
      <object_component id="oc-1b5">
         <name>.debug_info</name>
         <load_address>0x6351</load_address>
         <run_address>0x6351</run_address>
         <size>0x65</size>
         <input_file_ref idref="fl-2"/>
      </object_component>
      <object_component id="oc-17a">
         <name>.debug_info</name>
         <load_address>0x63b6</load_address>
         <run_address>0x63b6</run_address>
         <size>0x46</size>
         <input_file_ref idref="fl-2"/>
      </object_component>
      <object_component id="oc-f6">
         <name>.debug_info</name>
         <load_address>0x63fc</load_address>
         <run_address>0x63fc</run_address>
         <size>0x18b</size>
         <input_file_ref idref="fl-2"/>
      </object_component>
      <object_component id="oc-29f">
         <name>.debug_info</name>
         <load_address>0x6587</load_address>
         <run_address>0x6587</run_address>
         <size>0x2c</size>
         <input_file_ref idref="fl-2"/>
      </object_component>
      <object_component id="oc-1db">
         <name>.debug_info</name>
         <load_address>0x65b3</load_address>
         <run_address>0x65b3</run_address>
         <size>0x4e</size>
         <input_file_ref idref="fl-2"/>
      </object_component>
      <object_component id="oc-45">
         <name>.debug_info</name>
         <load_address>0x6601</load_address>
         <run_address>0x6601</run_address>
         <size>0x1cd</size>
         <input_file_ref idref="fl-3"/>
      </object_component>
      <object_component id="oc-11">
         <name>.debug_info</name>
         <load_address>0x67ce</load_address>
         <run_address>0x67ce</run_address>
         <size>0xf0</size>
         <input_file_ref idref="fl-3"/>
      </object_component>
      <object_component id="oc-2c">
         <name>.debug_info</name>
         <load_address>0x68be</load_address>
         <run_address>0x68be</run_address>
         <size>0x21e</size>
         <input_file_ref idref="fl-3"/>
      </object_component>
      <object_component id="oc-131">
         <name>.debug_info</name>
         <load_address>0x6adc</load_address>
         <run_address>0x6adc</run_address>
         <size>0x84</size>
         <input_file_ref idref="fl-3"/>
      </object_component>
      <object_component id="oc-2a4">
         <name>.debug_info</name>
         <load_address>0x6b60</load_address>
         <run_address>0x6b60</run_address>
         <size>0x5be</size>
         <input_file_ref idref="fl-5"/>
      </object_component>
      <object_component id="oc-1a3">
         <name>.debug_info</name>
         <load_address>0x711e</load_address>
         <run_address>0x711e</run_address>
         <size>0x418</size>
         <input_file_ref idref="fl-5"/>
      </object_component>
      <object_component id="oc-141">
         <name>.debug_info</name>
         <load_address>0x7536</load_address>
         <run_address>0x7536</run_address>
         <size>0x2c</size>
         <input_file_ref idref="fl-5"/>
      </object_component>
      <object_component id="oc-1af">
         <name>.debug_info</name>
         <load_address>0x7562</load_address>
         <run_address>0x7562</run_address>
         <size>0x938</size>
         <input_file_ref idref="fl-6"/>
      </object_component>
      <object_component id="oc-1ac">
         <name>.debug_info</name>
         <load_address>0x7e9a</load_address>
         <run_address>0x7e9a</run_address>
         <size>0x1de</size>
         <input_file_ref idref="fl-6"/>
      </object_component>
      <object_component id="oc-a1">
         <name>.debug_info</name>
         <load_address>0x8078</load_address>
         <run_address>0x8078</run_address>
         <size>0x11e4</size>
         <input_file_ref idref="fl-6"/>
      </object_component>
      <object_component id="oc-1bf">
         <name>.debug_info</name>
         <load_address>0x925c</load_address>
         <run_address>0x925c</run_address>
         <size>0x5d5</size>
         <input_file_ref idref="fl-6"/>
      </object_component>
      <object_component id="oc-1b0">
         <name>.debug_info</name>
         <load_address>0x9831</load_address>
         <run_address>0x9831</run_address>
         <size>0x235a</size>
         <input_file_ref idref="fl-6"/>
      </object_component>
      <object_component id="oc-1ba">
         <name>.debug_info</name>
         <load_address>0xbb8b</load_address>
         <run_address>0xbb8b</run_address>
         <size>0x178</size>
         <input_file_ref idref="fl-6"/>
      </object_component>
      <object_component id="oc-298">
         <name>.debug_info</name>
         <load_address>0xbd03</load_address>
         <run_address>0xbd03</run_address>
         <size>0xb5a</size>
         <input_file_ref idref="fl-7"/>
      </object_component>
      <object_component id="oc-28f">
         <name>.debug_info</name>
         <load_address>0xc85d</load_address>
         <run_address>0xc85d</run_address>
         <size>0xe8</size>
         <input_file_ref idref="fl-7"/>
      </object_component>
      <object_component id="oc-292">
         <name>.debug_info</name>
         <load_address>0xc945</load_address>
         <run_address>0xc945</run_address>
         <size>0x146</size>
         <input_file_ref idref="fl-7"/>
      </object_component>
      <object_component id="oc-295">
         <name>.debug_info</name>
         <load_address>0xca8b</load_address>
         <run_address>0xca8b</run_address>
         <size>0xfe</size>
         <input_file_ref idref="fl-7"/>
      </object_component>
      <object_component id="oc-1a9">
         <name>.debug_info</name>
         <load_address>0xcb89</load_address>
         <run_address>0xcb89</run_address>
         <size>0x13e</size>
         <input_file_ref idref="fl-7"/>
      </object_component>
      <object_component id="oc-19d">
         <name>.debug_info</name>
         <load_address>0xccc7</load_address>
         <run_address>0xccc7</run_address>
         <size>0x2da4</size>
         <input_file_ref idref="fl-7"/>
      </object_component>
      <object_component id="oc-299">
         <name>.debug_info</name>
         <load_address>0xfa6b</load_address>
         <run_address>0xfa6b</run_address>
         <size>0xe5</size>
         <input_file_ref idref="fl-7"/>
      </object_component>
      <object_component id="oc-289">
         <name>.debug_info</name>
         <load_address>0xfb50</load_address>
         <run_address>0xfb50</run_address>
         <size>0x2c5</size>
         <input_file_ref idref="fl-8"/>
      </object_component>
      <object_component id="oc-215">
         <name>.debug_info</name>
         <load_address>0xfe15</load_address>
         <run_address>0xfe15</run_address>
         <size>0x89f</size>
         <input_file_ref idref="fl-a"/>
      </object_component>
      <object_component id="oc-20d">
         <name>.debug_info</name>
         <load_address>0x106b4</load_address>
         <run_address>0x106b4</run_address>
         <size>0x2ff</size>
         <input_file_ref idref="fl-a"/>
      </object_component>
      <object_component id="oc-e5">
         <name>.debug_info</name>
         <load_address>0x109b3</load_address>
         <run_address>0x109b3</run_address>
         <size>0x2258</size>
         <input_file_ref idref="fl-a"/>
      </object_component>
      <object_component id="oc-210">
         <name>.debug_info</name>
         <load_address>0x12c0b</load_address>
         <run_address>0x12c0b</run_address>
         <size>0x5c8</size>
         <input_file_ref idref="fl-a"/>
      </object_component>
      <object_component id="oc-1c8">
         <name>.debug_info</name>
         <load_address>0x131d3</load_address>
         <run_address>0x131d3</run_address>
         <size>0x5cd</size>
         <input_file_ref idref="fl-b"/>
      </object_component>
      <object_component id="oc-1c5">
         <name>.debug_info</name>
         <load_address>0x137a0</load_address>
         <run_address>0x137a0</run_address>
         <size>0x133</size>
         <input_file_ref idref="fl-b"/>
      </object_component>
      <object_component id="oc-a7">
         <name>.debug_info</name>
         <load_address>0x138d3</load_address>
         <run_address>0x138d3</run_address>
         <size>0x41f</size>
         <input_file_ref idref="fl-b"/>
      </object_component>
      <object_component id="oc-1c9">
         <name>.debug_info</name>
         <load_address>0x13cf2</load_address>
         <run_address>0x13cf2</run_address>
         <size>0xaa</size>
         <input_file_ref idref="fl-b"/>
      </object_component>
      <object_component id="oc-1fe">
         <name>.debug_info</name>
         <load_address>0x13d9c</load_address>
         <run_address>0x13d9c</run_address>
         <size>0x5c7</size>
         <input_file_ref idref="fl-c"/>
      </object_component>
      <object_component id="oc-1fb">
         <name>.debug_info</name>
         <load_address>0x14363</load_address>
         <run_address>0x14363</run_address>
         <size>0xed</size>
         <input_file_ref idref="fl-c"/>
      </object_component>
      <object_component id="oc-d9">
         <name>.debug_info</name>
         <load_address>0x14450</load_address>
         <run_address>0x14450</run_address>
         <size>0x4d9</size>
         <input_file_ref idref="fl-c"/>
      </object_component>
      <object_component id="oc-300">
         <name>.debug_info</name>
         <load_address>0x14929</load_address>
         <run_address>0x14929</run_address>
         <size>0x96</size>
         <input_file_ref idref="fl-c"/>
      </object_component>
      <object_component id="oc-1ed">
         <name>.debug_info</name>
         <load_address>0x149bf</load_address>
         <run_address>0x149bf</run_address>
         <size>0x7ee</size>
         <input_file_ref idref="fl-d"/>
      </object_component>
      <object_component id="oc-1ea">
         <name>.debug_info</name>
         <load_address>0x151ad</load_address>
         <run_address>0x151ad</run_address>
         <size>0x32c</size>
         <input_file_ref idref="fl-d"/>
      </object_component>
      <object_component id="oc-bb">
         <name>.debug_info</name>
         <load_address>0x154d9</load_address>
         <run_address>0x154d9</run_address>
         <size>0x21fb</size>
         <input_file_ref idref="fl-d"/>
      </object_component>
      <object_component id="oc-1ee">
         <name>.debug_info</name>
         <load_address>0x176d4</load_address>
         <run_address>0x176d4</run_address>
         <size>0x372</size>
         <input_file_ref idref="fl-d"/>
      </object_component>
      <object_component id="oc-206">
         <name>.debug_info</name>
         <load_address>0x17a46</load_address>
         <run_address>0x17a46</run_address>
         <size>0x701</size>
         <input_file_ref idref="fl-f"/>
      </object_component>
      <object_component id="oc-203">
         <name>.debug_info</name>
         <load_address>0x18147</load_address>
         <run_address>0x18147</run_address>
         <size>0x3f2</size>
         <input_file_ref idref="fl-f"/>
      </object_component>
      <object_component id="oc-200">
         <name>.debug_info</name>
         <load_address>0x18539</load_address>
         <run_address>0x18539</run_address>
         <size>0xe1</size>
         <input_file_ref idref="fl-f"/>
      </object_component>
      <object_component id="oc-df">
         <name>.debug_info</name>
         <load_address>0x1861a</load_address>
         <run_address>0x1861a</run_address>
         <size>0x1c58</size>
         <input_file_ref idref="fl-f"/>
      </object_component>
      <object_component id="oc-207">
         <name>.debug_info</name>
         <load_address>0x1a272</load_address>
         <run_address>0x1a272</run_address>
         <size>0x49b</size>
         <input_file_ref idref="fl-f"/>
      </object_component>
      <object_component id="oc-1f4">
         <name>.debug_info</name>
         <load_address>0x1a70d</load_address>
         <run_address>0x1a70d</run_address>
         <size>0x44b</size>
         <input_file_ref idref="fl-11"/>
      </object_component>
      <object_component id="oc-c1">
         <name>.debug_info</name>
         <load_address>0x1ab58</load_address>
         <run_address>0x1ab58</run_address>
         <size>0x161e</size>
         <input_file_ref idref="fl-11"/>
      </object_component>
      <object_component id="oc-18c">
         <name>.debug_info</name>
         <load_address>0x1c176</load_address>
         <run_address>0x1c176</run_address>
         <size>0x3c4</size>
         <input_file_ref idref="fl-13"/>
      </object_component>
      <object_component id="oc-c7">
         <name>.debug_info</name>
         <load_address>0x1c53a</load_address>
         <run_address>0x1c53a</run_address>
         <size>0x832</size>
         <input_file_ref idref="fl-14"/>
      </object_component>
      <object_component id="oc-228">
         <name>.debug_info</name>
         <load_address>0x1cd6c</load_address>
         <run_address>0x1cd6c</run_address>
         <size>0x535</size>
         <input_file_ref idref="fl-15"/>
      </object_component>
      <object_component id="oc-11e">
         <name>.debug_info</name>
         <load_address>0x1d2a1</load_address>
         <run_address>0x1d2a1</run_address>
         <size>0x2252</size>
         <input_file_ref idref="fl-15"/>
      </object_component>
      <object_component id="oc-188">
         <name>.debug_info</name>
         <load_address>0x1f4f3</load_address>
         <run_address>0x1f4f3</run_address>
         <size>0x459</size>
         <input_file_ref idref="fl-19"/>
      </object_component>
      <object_component id="oc-185">
         <name>.debug_info</name>
         <load_address>0x1f94c</load_address>
         <run_address>0x1f94c</run_address>
         <size>0xf6</size>
         <input_file_ref idref="fl-19"/>
      </object_component>
      <object_component id="oc-182">
         <name>.debug_info</name>
         <load_address>0x1fa42</load_address>
         <run_address>0x1fa42</run_address>
         <size>0xf8</size>
         <input_file_ref idref="fl-19"/>
      </object_component>
      <object_component id="oc-8f">
         <name>.debug_info</name>
         <load_address>0x1fb3a</load_address>
         <run_address>0x1fb3a</run_address>
         <size>0x19f4</size>
         <input_file_ref idref="fl-19"/>
      </object_component>
      <object_component id="oc-19b">
         <name>.debug_info</name>
         <load_address>0x2152e</load_address>
         <run_address>0x2152e</run_address>
         <size>0x3e7</size>
         <input_file_ref idref="fl-1b"/>
      </object_component>
      <object_component id="oc-195">
         <name>.debug_info</name>
         <load_address>0x21915</load_address>
         <run_address>0x21915</run_address>
         <size>0x19b</size>
         <input_file_ref idref="fl-1b"/>
      </object_component>
      <object_component id="oc-198">
         <name>.debug_info</name>
         <load_address>0x21ab0</load_address>
         <run_address>0x21ab0</run_address>
         <size>0xed</size>
         <input_file_ref idref="fl-1b"/>
      </object_component>
      <object_component id="oc-192">
         <name>.debug_info</name>
         <load_address>0x21b9d</load_address>
         <run_address>0x21b9d</run_address>
         <size>0xfa</size>
         <input_file_ref idref="fl-1b"/>
      </object_component>
      <object_component id="oc-9b">
         <name>.debug_info</name>
         <load_address>0x21c97</load_address>
         <run_address>0x21c97</run_address>
         <size>0x119d</size>
         <input_file_ref idref="fl-1b"/>
      </object_component>
      <object_component id="oc-220">
         <name>.debug_info</name>
         <load_address>0x22e34</load_address>
         <run_address>0x22e34</run_address>
         <size>0x4bf</size>
         <input_file_ref idref="fl-1d"/>
      </object_component>
      <object_component id="oc-10b">
         <name>.debug_info</name>
         <load_address>0x232f3</load_address>
         <run_address>0x232f3</run_address>
         <size>0x1aa5</size>
         <input_file_ref idref="fl-1d"/>
      </object_component>
      <object_component id="oc-22c">
         <name>.debug_info</name>
         <load_address>0x24d98</load_address>
         <run_address>0x24d98</run_address>
         <size>0xd2f</size>
         <input_file_ref idref="fl-24"/>
      </object_component>
      <object_component id="oc-18a">
         <name>.debug_info</name>
         <load_address>0x25ac7</load_address>
         <run_address>0x25ac7</run_address>
         <size>0x47d</size>
         <input_file_ref idref="fl-27"/>
      </object_component>
      <object_component id="oc-95">
         <name>.debug_info</name>
         <load_address>0x25f44</load_address>
         <run_address>0x25f44</run_address>
         <size>0x2402</size>
         <input_file_ref idref="fl-27"/>
      </object_component>
      <object_component id="oc-117">
         <name>.debug_info</name>
         <load_address>0x28346</load_address>
         <run_address>0x28346</run_address>
         <size>0x48a</size>
         <input_file_ref idref="fl-2a"/>
      </object_component>
      <object_component id="oc-11a">
         <name>.debug_info</name>
         <load_address>0x287d0</load_address>
         <run_address>0x287d0</run_address>
         <size>0xe7</size>
         <input_file_ref idref="fl-2a"/>
      </object_component>
      <object_component id="oc-38">
         <name>.debug_info</name>
         <load_address>0x288b7</load_address>
         <run_address>0x288b7</run_address>
         <size>0x36e</size>
         <input_file_ref idref="fl-2a"/>
      </object_component>
      <object_component id="oc-127">
         <name>.debug_info</name>
         <load_address>0x28c25</load_address>
         <run_address>0x28c25</run_address>
         <size>0x7df</size>
         <input_file_ref idref="fl-2b"/>
      </object_component>
      <object_component id="oc-124">
         <name>.debug_info</name>
         <load_address>0x29404</load_address>
         <run_address>0x29404</run_address>
         <size>0xe9</size>
         <input_file_ref idref="fl-2b"/>
      </object_component>
      <object_component id="oc-3e">
         <name>.debug_info</name>
         <load_address>0x294ed</load_address>
         <run_address>0x294ed</run_address>
         <size>0xb46</size>
         <input_file_ref idref="fl-2b"/>
      </object_component>
      <object_component id="oc-26">
         <name>.debug_info</name>
         <load_address>0x2a033</load_address>
         <run_address>0x2a033</run_address>
         <size>0x134</size>
         <input_file_ref idref="fl-151"/>
      </object_component>
      <object_component id="oc-51">
         <name>.debug_info</name>
         <load_address>0x2a167</load_address>
         <run_address>0x2a167</run_address>
         <size>0x121</size>
         <input_file_ref idref="fl-152"/>
      </object_component>
      <object_component id="oc-14">
         <name>.debug_info</name>
         <load_address>0x2a288</load_address>
         <run_address>0x2a288</run_address>
         <size>0x1c0</size>
         <input_file_ref idref="fl-152"/>
      </object_component>
      <object_component id="oc-4c">
         <name>.debug_info</name>
         <load_address>0x2a448</load_address>
         <run_address>0x2a448</run_address>
         <size>0x46</size>
         <input_file_ref idref="fl-152"/>
      </object_component>
      <object_component id="oc-137">
         <name>.debug_info</name>
         <load_address>0x2a48e</load_address>
         <run_address>0x2a48e</run_address>
         <size>0x2c</size>
         <input_file_ref idref="fl-152"/>
      </object_component>
      <object_component id="oc-59">
         <name>.debug_info</name>
         <load_address>0x2a4ba</load_address>
         <run_address>0x2a4ba</run_address>
         <size>0x115</size>
         <input_file_ref idref="fl-153"/>
      </object_component>
      <object_component id="oc-55">
         <name>.debug_info</name>
         <load_address>0x2a5cf</load_address>
         <run_address>0x2a5cf</run_address>
         <size>0x228</size>
         <input_file_ref idref="fl-153"/>
      </object_component>
      <object_component id="oc-1b">
         <name>.debug_info</name>
         <load_address>0x2a7f7</load_address>
         <run_address>0x2a7f7</run_address>
         <size>0x192</size>
         <input_file_ref idref="fl-153"/>
      </object_component>
      <object_component id="oc-5a">
         <name>.debug_info</name>
         <load_address>0x2a989</load_address>
         <run_address>0x2a989</run_address>
         <size>0x39</size>
         <input_file_ref idref="fl-153"/>
      </object_component>
      <object_component id="oc-6a">
         <name>.debug_info</name>
         <load_address>0x2a9c2</load_address>
         <run_address>0x2a9c2</run_address>
         <size>0x110</size>
         <input_file_ref idref="fl-154"/>
      </object_component>
      <object_component id="oc-23">
         <name>.debug_info</name>
         <load_address>0x2aad2</load_address>
         <run_address>0x2aad2</run_address>
         <size>0x18b</size>
         <input_file_ref idref="fl-154"/>
      </object_component>
      <object_component id="oc-65">
         <name>.debug_info</name>
         <load_address>0x2ac5d</load_address>
         <run_address>0x2ac5d</run_address>
         <size>0x46</size>
         <input_file_ref idref="fl-154"/>
      </object_component>
      <object_component id="oc-15b">
         <name>.debug_info</name>
         <load_address>0x2aca3</load_address>
         <run_address>0x2aca3</run_address>
         <size>0x172</size>
         <input_file_ref idref="fl-155"/>
      </object_component>
      <object_component id="oc-158">
         <name>.debug_info</name>
         <load_address>0x2ae15</load_address>
         <run_address>0x2ae15</run_address>
         <size>0x117</size>
         <input_file_ref idref="fl-155"/>
      </object_component>
      <object_component id="oc-7f">
         <name>.debug_info</name>
         <load_address>0x2af2c</load_address>
         <run_address>0x2af2c</run_address>
         <size>0x1ee</size>
         <input_file_ref idref="fl-155"/>
      </object_component>
      <object_component id="oc-23d">
         <name>.debug_info</name>
         <load_address>0x2b11a</load_address>
         <run_address>0x2b11a</run_address>
         <size>0x129</size>
         <input_file_ref idref="fl-156"/>
      </object_component>
      <object_component id="oc-248">
         <name>.debug_info</name>
         <load_address>0x2b243</load_address>
         <run_address>0x2b243</run_address>
         <size>0x117</size>
         <input_file_ref idref="fl-157"/>
      </object_component>
      <object_component id="oc-243">
         <name>.debug_info</name>
         <load_address>0x2b35a</load_address>
         <run_address>0x2b35a</run_address>
         <size>0x117</size>
         <input_file_ref idref="fl-158"/>
      </object_component>
      <object_component id="oc-24c">
         <name>.debug_info</name>
         <load_address>0x2b471</load_address>
         <run_address>0x2b471</run_address>
         <size>0x10b</size>
         <input_file_ref idref="fl-159"/>
      </object_component>
      <object_component id="oc-238">
         <name>.debug_info</name>
         <load_address>0x2b57c</load_address>
         <run_address>0x2b57c</run_address>
         <size>0x109</size>
         <input_file_ref idref="fl-15a"/>
      </object_component>
      <object_component id="oc-233">
         <name>.debug_info</name>
         <load_address>0x2b685</load_address>
         <run_address>0x2b685</run_address>
         <size>0x109</size>
         <input_file_ref idref="fl-15b"/>
      </object_component>
      <object_component id="oc-48">
         <name>.debug_info</name>
         <load_address>0x2b78e</load_address>
         <run_address>0x2b78e</run_address>
         <size>0xf6</size>
         <input_file_ref idref="fl-15c"/>
      </object_component>
      <object_component id="oc-61">
         <name>.debug_info</name>
         <load_address>0x2b884</load_address>
         <run_address>0x2b884</run_address>
         <size>0x124</size>
         <input_file_ref idref="fl-15d"/>
      </object_component>
      <object_component id="oc-6c">
         <name>.debug_info</name>
         <load_address>0x2b9a8</load_address>
         <run_address>0x2b9a8</run_address>
         <size>0x129</size>
         <input_file_ref idref="fl-15e"/>
      </object_component>
      <object_component id="oc-1d5">
         <name>.debug_info</name>
         <load_address>0x2bad1</load_address>
         <run_address>0x2bad1</run_address>
         <size>0x1a3</size>
         <input_file_ref idref="fl-15f"/>
      </object_component>
      <object_component id="oc-af">
         <name>.debug_info</name>
         <load_address>0x2bc74</load_address>
         <run_address>0x2bc74</run_address>
         <size>0x31f</size>
         <input_file_ref idref="fl-15f"/>
      </object_component>
      <object_component id="oc-1d6">
         <name>.debug_info</name>
         <load_address>0x2bf93</load_address>
         <run_address>0x2bf93</run_address>
         <size>0x2c</size>
         <input_file_ref idref="fl-15f"/>
      </object_component>
      <object_component id="oc-1e0">
         <name>.debug_info</name>
         <load_address>0x2bfbf</load_address>
         <run_address>0x2bfbf</run_address>
         <size>0x69</size>
         <input_file_ref idref="fl-15f"/>
      </object_component>
      <object_component id="oc-1f7">
         <name>.debug_info</name>
         <load_address>0x2c028</load_address>
         <run_address>0x2c028</run_address>
         <size>0x19c</size>
         <input_file_ref idref="fl-160"/>
      </object_component>
      <object_component id="oc-ce">
         <name>.debug_info</name>
         <load_address>0x2c1c4</load_address>
         <run_address>0x2c1c4</run_address>
         <size>0x2c5</size>
         <input_file_ref idref="fl-160"/>
      </object_component>
      <object_component id="oc-84">
         <name>.debug_info</name>
         <load_address>0x2c489</load_address>
         <run_address>0x2c489</run_address>
         <size>0xea</size>
         <input_file_ref idref="fl-161"/>
      </object_component>
      <object_component id="oc-222">
         <name>.debug_info</name>
         <load_address>0x2c573</load_address>
         <run_address>0x2c573</run_address>
         <size>0xcb</size>
         <input_file_ref idref="fl-162"/>
      </object_component>
      <object_component id="oc-111">
         <name>.debug_info</name>
         <load_address>0x2c63e</load_address>
         <run_address>0x2c63e</run_address>
         <size>0x1f7</size>
         <input_file_ref idref="fl-162"/>
      </object_component>
      <object_component id="oc-271">
         <name>.debug_info</name>
[...]
      </symbol>
      <symbol id="sm-b8d">
         <name>Timer_A_initCapture</name>
         <value>0x70d3</value>
         <object_component_ref idref="oc-94"/>
      </symbol>
      <symbol id="sm-b8e">
         <name>Timer_A_getCaptureCompareCount</name>
         <value>0x7219</value>
         <object_component_ref idref="oc-94"/>
      </symbol>
      <symbol id="sm-b8f">
         <name>Timer_A_disableCaptureCompareInterrupt</name>
         <value>0x737b</value>
         <object_component_ref idref="oc-94"/>
      </symbol>
      <symbol id="sm-b90">
         <name>Timer_A_stopTimer</name>
         <value>0x729f</value>
         <object_component_ref idref="oc-94"/>
      </symbol>
      <symbol id="sm-b91">
         <name>Timer_A_getCaptureCompareInterruptStatus</name>
         <value>0x73a3</value>
         <object_component_ref idref="oc-94"/>
      </symbol>
      <symbol id="sm-b92">
         <name>Timer_A_clearTimer</name>
         <value>0x71b7</value>
         <object_component_ref idref="oc-94"/>
      </symbol>
      <symbol id="sm-b93">
         <name>Timer_A_clearInterruptFlag</name>
         <value>0x72cd</value>
         <object_component_ref idref="oc-94"/>
      </symbol>
      <symbol id="sm-b94">
         <name>Timer_A_configureUpDownMode</name>
         <value>0x7079</value>
         <object_component_ref idref="oc-94"/>
      </symbol>
      <symbol id="sm-b95">
         <name>Timer_A_getSynchronizedCaptureCompareInput</name>
         <value>0x71cb</value>
         <object_component_ref idref="oc-94"/>
      </symbol>
      <symbol id="sm-b96">
         <name>Timer_A_configureUpMode</name>
         <value>0x701f</value>
         <object_component_ref idref="oc-94"/>
      </symbol>
      <symbol id="sm-b97">
         <name>Timer_A_getEnabledInterruptStatus</name>
         <value>0x73c1</value>
         <object_component_ref idref="oc-94"/>
      </symbol>
      <symbol id="sm-b98">
         <name>Timer_A_disableInterrupt</name>
         <value>0x7329</value>
         <object_component_ref idref="oc-94"/>
      </symbol>
      <symbol id="sm-b99">
         <name>Timer_A_configureContinuousMode</name>
         <value>0x6fef</value>
         <object_component_ref idref="oc-94"/>
      </symbol>
      <symbol id="sm-b9a">
         <name>Timer_A_getCaptureCompareEnabledInterruptStatus</name>
         <value>0x73d9</value>
         <object_component_ref idref="oc-94"/>
      </symbol>
      <symbol id="sm-b9b">
         <name>Timer_A_getInterruptStatus</name>
         <value>0x7341</value>
         <object_component_ref idref="oc-94"/>
      </symbol>
      <symbol id="sm-b9c">
         <name>Timer_A_enableInterrupt</name>
         <value>0x7315</value>
         <object_component_ref idref="oc-94"/>
      </symbol>
      <symbol id="sm-b9d">
         <name>Timer_A_unregisterInterrupt</name>
         <value>0x74eb</value>
         <object_component_ref idref="oc-94"/>
      </symbol>
      <symbol id="sm-bcd">
         <name>g_ucUARTBuffer</name>
         <value>0x200008f4</value>
      </symbol>
      <symbol id="sm-bce">
         <name>CLI_Read</name>
         <value>0x9d73</value>
         <object_component_ref idref="oc-37"/>
      </symbol>
      <symbol id="sm-bcf">
         <name>cli_have_cmd</name>
         <value>0x20000a74</value>
         <object_component_ref idref="oc-119"/>
      </symbol>
      <symbol id="sm-bd0">
         <name>CLI_Configure</name>
         <value>0x9e19</value>
         <object_component_ref idref="oc-37"/>
      </symbol>
      <symbol id="sm-bd1">
         <name>EUSCIA0_IRQHandler</name>
         <value>0x9d2d</value>
         <object_component_ref idref="oc-37"/>
      </symbol>
      <symbol id="sm-bd2">
         <name>CLI_Write</name>
         <value>0x9dc5</value>
         <object_component_ref idref="oc-37"/>
      </symbol>
      <symbol id="sm-c28">
         <name>IntIsMasked</name>
         <value>0x20000904</value>
      </symbol>
      <symbol id="sm-c29">
         <name>CC3100_InterruptDisable</name>
         <value>0x9113</value>
         <object_component_ref idref="oc-3d"/>
      </symbol>
      <symbol id="sm-c2a">
         <name>pIraEventHandler</name>
         <value>0x20000a70</value>
         <object_component_ref idref="oc-123"/>
      </symbol>
      <symbol id="sm-c2b">
         <name>CC3100_disable</name>
         <value>0x90d9</value>
         <object_component_ref idref="oc-3d"/>
      </symbol>
      <symbol id="sm-c2c">
         <name>CC3100_InterruptEnable</name>
         <value>0x90f1</value>
         <object_component_ref idref="oc-3d"/>
      </symbol>
      <symbol id="sm-c2d">
         <name>turnLedOff</name>
         <value>0x9255</value>
         <object_component_ref idref="oc-3d"/>
      </symbol>
      <symbol id="sm-c2e">
         <name>initLEDs</name>
         <value>0x91cf</value>
         <object_component_ref idref="oc-3d"/>
      </symbol>
      <symbol id="sm-c2f">
         <name>initAntSelGPIO</name>
         <value>0x92f7</value>
         <object_component_ref idref="oc-3d"/>
      </symbol>
      <symbol id="sm-c30">
         <name>Port1_ISR</name>
         <value>0x936f</value>
         <object_component_ref idref="oc-3d"/>
      </symbol>
      <symbol id="sm-c31">
         <name>PORT2_IRQHandler</name>
         <value>0x93a1</value>
         <object_component_ref idref="oc-3d"/>
      </symbol>
      <symbol id="sm-c32">
         <name>CC3100_enable</name>
         <value>0x90e5</value>
         <object_component_ref idref="oc-3d"/>
      </symbol>
      <symbol id="sm-c33">
         <name>clear_rts</name>
         <value>0x9143</value>
         <object_component_ref idref="oc-3d"/>
      </symbol>
      <symbol id="sm-c34">
         <name>toggleLed</name>
         <value>0x9289</value>
         <object_component_ref idref="oc-3d"/>
      </symbol>
      <symbol id="sm-c35">
         <name>registerInterruptHandler</name>
         <value>0x90c5</value>
         <object_component_ref idref="oc-3d"/>
      </symbol>
      <symbol id="sm-c36">
         <name>UnMaskIntHdlr</name>
         <value>0x912f</value>
         <object_component_ref idref="oc-3d"/>
      </symbol>
      <symbol id="sm-c37">
         <name>CC3100_UART_ISR</name>
         <value>0x93c7</value>
         <object_component_ref idref="oc-3d"/>
      </symbol>
      <symbol id="sm-c38">
         <name>Delay</name>
         <value>0x9371</value>
         <object_component_ref idref="oc-3d"/>
      </symbol>
      <symbol id="sm-c39">
         <name>stopWDT</name>
         <value>0x91c5</value>
         <object_component_ref idref="oc-3d"/>
      </symbol>
      <symbol id="sm-c3a">
         <name>MaskIntHdlr</name>
         <value>0x9127</value>
         <object_component_ref idref="oc-3d"/>
      </symbol>
      <symbol id="sm-c3b">
         <name>initClk</name>
         <value>0x914f</value>
         <object_component_ref idref="oc-3d"/>
      </symbol>
      <symbol id="sm-c3c">
         <name>SelAntenna</name>
         <value>0x932b</value>
         <object_component_ref idref="oc-3d"/>
      </symbol>
      <symbol id="sm-c3d">
         <name>turnLedOn</name>
         <value>0x9221</value>
         <object_component_ref idref="oc-3d"/>
      </symbol>
      <symbol id="sm-c3e">
         <name>GetLEDStatus</name>
         <value>0x92bd</value>
         <object_component_ref idref="oc-3d"/>
      </symbol>
      <symbol id="sm-c3f">
         <name>set_rts</name>
         <value>0x9137</value>
         <object_component_ref idref="oc-3d"/>
      </symbol>
      <symbol id="sm-c51">
         <name>_c_int00</name>
         <value>0xaa59</value>
         <object_component_ref idref="oc-25"/>
      </symbol>
      <symbol id="sm-c52">
         <name>__stack</name>
         <value>0x2000fe00</value>
         <object_component_ref idref="oc-2a"/>
      </symbol>
      <symbol id="sm-c69">
         <name>__TI_decompress_none</name>
         <value>0xae15</value>
         <object_component_ref idref="oc-13"/>
      </symbol>
      <symbol id="sm-c8c">
         <name>__TI_decompress_rle24</name>
         <value>0xae3b</value>
         <object_component_ref idref="oc-19"/>
      </symbol>
      <symbol id="sm-c9e">
         <name>__TI_zero_init</name>
         <value>0xae23</value>
         <object_component_ref idref="oc-1f"/>
      </symbol>
      <symbol id="sm-cbd">
         <name>C$$EXIT</name>
         <value>0xab89</value>
         <object_component_ref idref="oc-7d"/>
      </symbol>
      <symbol id="sm-cbe">
         <name>abort</name>
         <value>0xab8d</value>
         <object_component_ref idref="oc-7d"/>
      </symbol>
      <symbol id="sm-cbf">
         <name>exit</name>
         <value>0xab95</value>
         <object_component_ref idref="oc-7d"/>
      </symbol>
      <symbol id="sm-cc0">
         <name>__TI_dtors_ptr</name>
         <value>0x20000a64</value>
         <object_component_ref idref="oc-157"/>
      </symbol>
      <symbol id="sm-cc1">
         <name>__TI_cleanup_ptr</name>
         <value>0x20000a60</value>
         <object_component_ref idref="oc-157"/>
      </symbol>
      <symbol id="sm-ce5">
         <name>__aeabi_dsub</name>
         <value>0x99f1</value>
         <object_component_ref idref="oc-23b"/>
      </symbol>
      <symbol id="sm-ce6">
         <name>__aeabi_dadd</name>
         <value>0x99fb</value>
         <object_component_ref idref="oc-23b"/>
      </symbol>
      <symbol id="sm-d06">
         <name>__aeabi_ddiv</name>
         <value>0x9e99</value>
         <object_component_ref idref="oc-245"/>
      </symbol>
      <symbol id="sm-d1d">
         <name>__aeabi_dmul</name>
         <value>0xa321</value>
         <object_component_ref idref="oc-240"/>
      </symbol>
      <symbol id="sm-d2b">
         <name>__aeabi_d2iz</name>
         <value>0xab41</value>
         <object_component_ref idref="oc-24a"/>
      </symbol>
      <symbol id="sm-d39">
         <name>__aeabi_f2d</name>
         <value>0xac4b</value>
         <object_component_ref idref="oc-236"/>
      </symbol>
      <symbol id="sm-d45">
         <name>__aeabi_i2d</name>
         <value>0xad19</value>
         <object_component_ref idref="oc-231"/>
      </symbol>
      <symbol id="sm-d60">
         <name>memcpy</name>
         <value>0xa4db</value>
         <object_component_ref idref="oc-46"/>
      </symbol>
      <symbol id="sm-d61">
         <name>__aeabi_memcpy</name>
         <value>0xa4db</value>
         <object_component_ref idref="oc-46"/>
      </symbol>
      <symbol id="sm-d62">
         <name>__aeabi_memcpy8</name>
         <value>0xa4db</value>
         <object_component_ref idref="oc-46"/>
      </symbol>
      <symbol id="sm-d63">
         <name>__aeabi_memcpy4</name>
         <value>0xa4db</value>
         <object_component_ref idref="oc-46"/>
      </symbol>
      <symbol id="sm-d72">
         <name>__aeabi_memset</name>
         <value>0xa79b</value>
         <object_component_ref idref="oc-5f"/>
      </symbol>
      <symbol id="sm-d73">
         <name>memset</name>
         <value>0xa7a1</value>
         <object_component_ref idref="oc-5f"/>
      </symbol>
      <symbol id="sm-d74">
         <name>__aeabi_memset8</name>
         <value>0xa79b</value>
         <object_component_ref idref="oc-5f"/>
      </symbol>
      <symbol id="sm-d75">
         <name>__aeabi_memset4</name>
         <value>0xa79b</value>
         <object_component_ref idref="oc-5f"/>
      </symbol>
      <symbol id="sm-d76">
         <name>__aeabi_memclr8</name>
         <value>0xa799</value>
         <object_component_ref idref="oc-5f"/>
      </symbol>
      <symbol id="sm-d77">
         <name>__aeabi_memclr4</name>
         <value>0xa799</value>
         <object_component_ref idref="oc-5f"/>
      </symbol>
      <symbol id="sm-d78">
         <name>__aeabi_memclr</name>
         <value>0xa799</value>
         <object_component_ref idref="oc-5f"/>
      </symbol>
      <symbol id="sm-d82">
         <name>_system_pre_init</name>
         <value>0xae41</value>
         <object_component_ref idref="oc-6b"/>
      </symbol>
      <symbol id="sm-da3">
         <name>snprintf</name>
         <value>0xa579</value>
         <object_component_ref idref="oc-ac"/>
      </symbol>
      <symbol id="sm-db7">
         <name>sprintf</name>
         <value>0xa951</value>
         <object_component_ref idref="oc-cc"/>
      </symbol>
      <symbol id="sm-dbf">
         <name>main_func_sp</name>
         <value>0x20000a7c</value>
         <object_component_ref idref="oc-83"/>
      </symbol>
      <symbol id="sm-dcd">
         <name>strlen</name>
         <value>0xae01</value>
         <object_component_ref idref="oc-110"/>
      </symbol>
      <symbol id="sm-de6">
         <name>_nop</name>
         <value>0xadfb</value>
         <object_component_ref idref="oc-269"/>
      </symbol>
      <symbol id="sm-de7">
         <name>_lock</name>
         <value>0x20000a58</value>
         <object_component_ref idref="oc-154"/>
      </symbol>
      <symbol id="sm-de8">
         <name>_unlock</name>
         <value>0x20000a5c</value>
         <object_component_ref idref="oc-154"/>
      </symbol>
      <symbol id="sm-de9">
         <name>_register_lock</name>
         <value>0xadf3</value>
         <object_component_ref idref="oc-269"/>
      </symbol>
      <symbol id="sm-dea">
         <name>_register_unlock</name>
         <value>0xaded</value>
         <object_component_ref idref="oc-269"/>
      </symbol>
      <symbol id="sm-eef">
         <name>__TI_printfi</name>
         <value>0x2f1d</value>
         <object_component_ref idref="oc-1ce"/>
      </symbol>
      <symbol id="sm-f04">
         <name>_args_main</name>
         <value>0xadbd</value>
         <object_component_ref idref="oc-77"/>
      </symbol>
      <symbol id="sm-f1a">
         <name>atoi</name>
         <value>0xaaa9</value>
         <object_component_ref idref="oc-2e2"/>
      </symbol>
      <symbol id="sm-f40">
         <name>__TI_auto_init</name>
         <value>0xa815</value>
         <object_component_ref idref="oc-71"/>
      </symbol>
      <symbol id="sm-f5a">
         <name>copy_in</name>
         <value>0xaaf5</value>
         <object_component_ref idref="oc-14a"/>
      </symbol>
      <symbol id="sm-f65">
         <name>_ctypes_</name>
         <value>0xae44</value>
         <object_component_ref idref="oc-354"/>
      </symbol>
      <symbol id="sm-f8c">
         <name>__aeabi_cdcmpeq</name>
         <value>0xa60d</value>
         <object_component_ref idref="oc-2b4"/>
      </symbol>
      <symbol id="sm-f8d">
         <name>__aeabi_cdcmple</name>
         <value>0xa60d</value>
         <object_component_ref idref="oc-2b4"/>
      </symbol>
      <symbol id="sm-f8e">
         <name>__aeabi_cdrcmple</name>
         <value>0xa693</value>
         <object_component_ref idref="oc-2b9"/>
      </symbol>
      <symbol id="sm-f9b">
         <name>frexp</name>
         <value>0xad75</value>
         <object_component_ref idref="oc-2c4"/>
      </symbol>
      <symbol id="sm-fac">
         <name>ldexp</name>
         <value>0xaa07</value>
         <object_component_ref idref="oc-2ca"/>
      </symbol>
      <symbol id="sm-fbb">
         <name>ltoa</name>
         <value>0xa9b1</value>
         <object_component_ref idref="oc-2be"/>
      </symbol>
      <symbol id="sm-fcb">
         <name>memccpy</name>
         <value>0xad9f</value>
         <object_component_ref idref="oc-2dc"/>
      </symbol>
      <symbol id="sm-fdb">
         <name>strchr</name>
         <value>0xadd5</value>
         <object_component_ref idref="oc-2d0"/>
      </symbol>
      <symbol id="sm-1005">
         <name>__aeabi_uldivmod</name>
         <value>0x962d</value>
         <object_component_ref idref="oc-2af"/>
      </symbol>
      <symbol id="sm-1013">
         <name>_Dclass</name>
         <value>0xacb9</value>
         <object_component_ref idref="oc-2d6"/>
      </symbol>
      <symbol id="sm-1034">
         <name>_Dscale</name>
         <value>0xa211</value>
         <object_component_ref idref="oc-340"/>
      </symbol>
      <symbol id="sm-1048">
         <name>_Dunscale</name>
         <value>0xa8eb</value>
         <object_component_ref idref="oc-338"/>
      </symbol>
      <symbol id="sm-1057">
         <name>_Feraise</name>
         <value>0xace9</value>
         <object_component_ref idref="oc-346"/>
      </symbol>
      <symbol id="sm-1067">
         <name>_Rteps</name>
         <value>0x20000a18</value>
         <object_component_ref idref="oc-36c"/>
      </symbol>
      <symbol id="sm-1068">
         <name>_Zero</name>
         <value>0x20000a30</value>
         <object_component_ref idref="oc-36c"/>
      </symbol>
      <symbol id="sm-1069">
         <name>_Hugeval</name>
         <value>0x200009d8</value>
         <object_component_ref idref="oc-36c"/>
      </symbol>
      <symbol id="sm-106a">
         <name>_Snan</name>
         <value>0x20000a08</value>
         <object_component_ref idref="oc-36c"/>
      </symbol>
      <symbol id="sm-106b">
         <name>_Nan</name>
         <value>0x200009f8</value>
         <object_component_ref idref="oc-36c"/>
      </symbol>
      <symbol id="sm-106c">
         <name>_Inf</name>
         <value>0x200009e8</value>
         <object_component_ref idref="oc-36c"/>
      </symbol>
      <symbol id="sm-106d">
         <name>_Xbig</name>
         <value>0x20000a28</value>
         <object_component_ref idref="oc-36c"/>
      </symbol>
      <symbol id="sm-106e">
         <name>_Eps</name>
         <value>0x200009c8</value>
         <object_component_ref idref="oc-36c"/>
      </symbol>
      <symbol id="sm-106f">
         <name>_Denorm</name>
         <value>0x200009b8</value>
         <object_component_ref idref="oc-36c"/>
      </symbol>
      <symbol id="sm-1077">
         <name>_Errno</name>
         <value>0x20000a78</value>
         <object_component_ref idref="oc-377"/>
      </symbol>
      <symbol id="sm-1095">
         <name>feraiseexcept</name>
         <value>0xac85</value>
         <object_component_ref idref="oc-371"/>
      </symbol>
      <symbol id="sm-1096">
         <name>_Tls_setup__Fenv</name>
         <value>0x20000a6c</value>
         <object_component_ref idref="oc-39b"/>
      </symbol>
      <symbol id="sm-1097">
         <name>_Fenv</name>
         <value>0x20000a68</value>
         <object_component_ref idref="oc-39b"/>
      </symbol>
      <symbol id="sm-10ab">
         <name>raise</name>
         <value>0xad47</value>
         <object_component_ref idref="oc-395"/>
      </symbol>
      <symbol id="sm-10c5">
         <name>signal</name>
         <value>0xabcd</value>
         <object_component_ref idref="oc-3a5"/>
      </symbol>
      <symbol id="sm-10da">
         <name>_Dnorm</name>
         <value>0xa41d</value>
         <object_component_ref idref="oc-362"/>
      </symbol>
      <symbol id="sm-10db">
         <name>__TI_static_base__</name>
         <value>0x0</value>
      </symbol>
      <symbol id="sm-10de">
         <name>SHT$$INIT_ARRAY$$Limit</name>
         <value>0x0</value>
      </symbol>
      <symbol id="sm-10df">
         <name>SHT$$INIT_ARRAY$$Base</name>
         <value>0x0</value>
      </symbol>
   </symbol_table>
   <title>Link successful</title>
</link_info>
